<html>
<body>
<pre>
<h1>µVision Build Log</h1>
<h2>Tool Versions:</h2>
IDE-Version: µVision V5.42.0.0
Copyright (C) 2025 ARM Ltd and ARM Germany GmbH. All rights reserved.
License Information: gff gfd, df, LIC=----
 
Tool Versions:
Toolchain:       MDK-Lite  Version: 5.42.0.0
Toolchain Path:  C:\Users\user\AppData\Local\Keil_v5\ARM\ARMCLANG\Bin
C Compiler:      ArmClang.exe V6.23
Assembler:       Armasm.exe V6.23
Linker/Locator:  ArmLink.exe V6.23
Library Manager: ArmAr.exe V6.23
Hex Converter:   FromElf.exe V6.23
CPU DLL:         SARMCM3.DLL V5.42.0.0
Dialog DLL:      DARMCM1.DLL V1.19.6.0
Target DLL:      STLink\ST-LINKIII-KEIL_SWO.dll V3.3.0.0
Dialog DLL:      TARMCM1.DLL V1.14.6.0
 
<h2>Project:</h2>
E:\Software Project\stm32g030f6p6_bootloader\stm32g030f6p6_bootloader\Main Project\main_project.uvprojx
Project File Date:  11/28/2025

<h2>Output:</h2>
*** Using Compiler 'V6.23', folder: 'C:\Users\user\AppData\Local\Keil_v5\ARM\ARMCLANG\Bin'
Rebuild target 'stm32g030f6p6'
assembling startup_stm32g030xx.s...
compiling gpio.c...
compiling app.c...
compiling crc32.c...
compiling main.c...
compiling system_stm32g0xx.c...
compiling flash.c...
compiling debug.c...
sw_timebase.c(178): warning: unused parameter 'timer_num' [-Wunused-parameter]
  178 | void sw_timebase_disable(uint8_t timer_num){
      |                                  ^
1 warning generated.
compiling sw_timebase.c...
linking...
Program Size: Code=4992 RO-data=208 RW-data=0 ZI-data=3328  
FromELF: creating hex file...
".\Objects\main_project.axf" - 0 Error(s), 1 Warning(s).

<h2>Software Packages used:</h2>

Package Vendor: ARM
                https://www.keil.com/pack/ARM.CMSIS.6.2.0.pack
                ARM::CMSIS@6.2.0
                CMSIS (Common Microcontroller Software Interface Standard)
   * Component: CORE Version: 6.1.1

Package Vendor: Keil
                http://www.keil.com/pack/Keil.STM32G0xx_DFP.1.4.0.pack
                Keil::STM32G0xx_DFP@1.4.0
                STMicroelectronics STM32G0 Series Device Support
   * Component: Startup Version: 1.4.0

<h2>Collection of Component include folders:</h2>
  ./RTE/_stm32g030f6p6
  C:/Users/user/AppData/Local/Arm/Packs/ARM/CMSIS/6.2.0/CMSIS/Core/Include
  C:/Users/user/AppData/Local/Arm/Packs/Keil/STM32G0xx_DFP/1.4.0/Drivers/CMSIS/Device/ST/STM32G0xx/Include

<h2>Collection of Component Files used:</h2>

   * Component: ARM::CMSIS:CORE@6.1.1

   * Component: Keil::Device:Startup@1.4.0
      Include file:  Drivers/CMSIS/Device/ST/STM32G0xx/Include/stm32g0xx.h
      Source file:   MDK/Device/Source/ARM/STM32G0x0_DB_OPT.s
      Source file:   Drivers/CMSIS/Device/ST/STM32G0xx/Source/Templates/arm/startup_stm32g030xx.s
      Source file:   MDK/Device/Source/ARM/STM32G0x0_SB_OPT.s
      Source file:   Drivers/CMSIS/Device/ST/STM32G0xx/Source/Templates/system_stm32g0xx.c
Build Time Elapsed:  00:00:00
</pre>
</body>
</html>
