Component: Arm Compiler for Embedded 6.23 Tool: armlink [5f102400]

==============================================================================

Section Cross References

    app.o(.text.App_Setup) refers to gpio.o(.text.GPIO_Init) for GPIO_Init
    app.o(.text.App_Setup) refers to gpio.o(.text.GPIO_SetPin) for GPIO_SetPin
    app.o(.text.App_Setup) refers to debug.o(.text.Debug_Init) for Debug_Init
    app.o(.text.App_Setup) refers to sw_timebase.o(.text.sw_timebase_Init) for sw_timebase_Init
    app.o(.text.App_Setup) refers to sw_timebase.o(.text.sw_timebase_counter_ss_set_securely) for sw_timebase_counter_ss_set_securely
    app.o(.ARM.exidx.text.App_Setup) refers to app.o(.text.App_Setup) for [Anonymous Symbol]
    app.o(.text.App_Main_Loop) refers to system_stm32g0xx.o(.text.SystemInit) for SystemInit
    app.o(.text.App_Main_Loop) refers to sw_timebase.o(.text.sw_timebase_main_loop_executable) for sw_timebase_main_loop_executable
    app.o(.text.App_Main_Loop) refers to sw_timebase.o(.text.sw_timebase_counter_ss_continous_expired_event) for sw_timebase_counter_ss_continous_expired_event
    app.o(.text.App_Main_Loop) refers to gpio.o(.text.GPIO_TogglePin) for GPIO_TogglePin
    app.o(.ARM.exidx.text.App_Main_Loop) refers to app.o(.text.App_Main_Loop) for [Anonymous Symbol]
    crc32.o(.ARM.exidx.text.CRC32_Init) refers to crc32.o(.text.CRC32_Init) for [Anonymous Symbol]
    crc32.o(.text.CRC32_Calculate) refers to crc32.o(.text.CRC32_Init) for CRC32_Init
    crc32.o(.ARM.exidx.text.CRC32_Calculate) refers to crc32.o(.text.CRC32_Calculate) for [Anonymous Symbol]
    crc32.o(.text.CRC32_MemoryRange) refers to crc32.o(.text.CRC32_Init) for CRC32_Init
    crc32.o(.ARM.exidx.text.CRC32_MemoryRange) refers to crc32.o(.text.CRC32_MemoryRange) for [Anonymous Symbol]
    debug.o(.text.Debug_Struct_Init) refers to debug.o(.bss.Debug) for Debug
    debug.o(.ARM.exidx.text.Debug_Struct_Init) refers to debug.o(.text.Debug_Struct_Init) for [Anonymous Symbol]
    debug.o(.ARM.exidx.text.Debug_GPIO_Init) refers to debug.o(.text.Debug_GPIO_Init) for [Anonymous Symbol]
    debug.o(.text.Debug_Reg_Init) refers to aeabi_sdiv.o(.text) for __aeabi_uidiv
    debug.o(.text.Debug_Reg_Init) refers to debug.o(.text.__NVIC_EnableIRQ) for __NVIC_EnableIRQ
    debug.o(.text.Debug_Reg_Init) refers to debug.o(.text.__NVIC_SetPriority) for __NVIC_SetPriority
    debug.o(.ARM.exidx.text.Debug_Reg_Init) refers to debug.o(.text.Debug_Reg_Init) for [Anonymous Symbol]
    debug.o(.ARM.exidx.text.__NVIC_EnableIRQ) refers to debug.o(.text.__NVIC_EnableIRQ) for [Anonymous Symbol]
    debug.o(.ARM.exidx.text.__NVIC_SetPriority) refers to debug.o(.text.__NVIC_SetPriority) for [Anonymous Symbol]
    debug.o(.text.Debug_Timer_Init) refers to debug.o(.text.__NVIC_EnableIRQ) for __NVIC_EnableIRQ
    debug.o(.text.Debug_Timer_Init) refers to debug.o(.text.__NVIC_SetPriority) for __NVIC_SetPriority
    debug.o(.ARM.exidx.text.Debug_Timer_Init) refers to debug.o(.text.Debug_Timer_Init) for [Anonymous Symbol]
    debug.o(.text.Debug_Timer_Enable) refers to debug.o(.bss.Debug) for Debug
    debug.o(.ARM.exidx.text.Debug_Timer_Enable) refers to debug.o(.text.Debug_Timer_Enable) for [Anonymous Symbol]
    debug.o(.text.Debug_Timer_Disable) refers to debug.o(.bss.Debug) for Debug
    debug.o(.ARM.exidx.text.Debug_Timer_Disable) refers to debug.o(.text.Debug_Timer_Disable) for [Anonymous Symbol]
    debug.o(.text.Debug_Get_Timer_Status) refers to debug.o(.bss.Debug) for Debug
    debug.o(.ARM.exidx.text.Debug_Get_Timer_Status) refers to debug.o(.text.Debug_Get_Timer_Status) for [Anonymous Symbol]
    debug.o(.ARM.exidx.text.Debug_Get_Counter_Val) refers to debug.o(.text.Debug_Get_Counter_Val) for [Anonymous Symbol]
    debug.o(.ARM.exidx.text.Debug_Counter_Reset) refers to debug.o(.text.Debug_Counter_Reset) for [Anonymous Symbol]
    debug.o(.text.TIM16_IRQHandler) refers to debug.o(.text.Debug_Timer_Disable) for Debug_Timer_Disable
    debug.o(.text.TIM16_IRQHandler) refers to debug.o(.text.Debug_Get_Buf_Index) for Debug_Get_Buf_Index
    debug.o(.text.TIM16_IRQHandler) refers to debug.o(.bss.Debug) for Debug
    debug.o(.ARM.exidx.text.TIM16_IRQHandler) refers to debug.o(.text.TIM16_IRQHandler) for [Anonymous Symbol]
    debug.o(.text.Debug_Get_Buf_Index) refers to debug.o(.bss.Debug) for Debug
    debug.o(.ARM.exidx.text.Debug_Get_Buf_Index) refers to debug.o(.text.Debug_Get_Buf_Index) for [Anonymous Symbol]
    debug.o(.ARM.exidx.text.Debug_Tx_Byte) refers to debug.o(.text.Debug_Tx_Byte) for [Anonymous Symbol]
    debug.o(.ARM.exidx.text.Debug_Rx_Byte) refers to debug.o(.text.Debug_Rx_Byte) for [Anonymous Symbol]
    debug.o(.text.USART2_IRQHandler) refers to debug.o(.text.Debug_Rx_Byte) for Debug_Rx_Byte
    debug.o(.text.USART2_IRQHandler) refers to debug.o(.text.Debug_Counter_Reset) for Debug_Counter_Reset
    debug.o(.text.USART2_IRQHandler) refers to debug.o(.text.Debug_Timer_Enable) for Debug_Timer_Enable
[...]
    sys_command_hlt.o(.text) refers (Special) to use_no_semi.o(.text) for __I$use$semihosting
    sys_command_hlt.o(.text) refers (Special) to indicate_semi.o(.text) for __semihosting_library_function
    defsig_abrt_inner.o(.text) refers to defsig_general.o(.text) for __default_signal_display
    defsig_rtred_inner.o(.text) refers to defsig_general.o(.text) for __default_signal_display
    defsig_rtmem_inner.o(.text) refers to defsig_general.o(.text) for __default_signal_display
    defsig_rtmem_outer.o(.text) refers to defsig_rtmem_inner.o(.text) for __rt_SIGRTMEM_inner
    defsig_rtmem_outer.o(.text) refers to defsig_exit.o(.text) for __sig_exit
    defsig_rtmem_formal.o(.text) refers to rt_raise.o(.text) for __rt_raise
    defsig_stak_inner.o(.text) refers to defsig_general.o(.text) for __default_signal_display
    defsig_pvfn_inner.o(.text) refers to defsig_general.o(.text) for __default_signal_display
    defsig_cppl_inner.o(.text) refers to defsig_general.o(.text) for __default_signal_display
    defsig_segv_inner.o(.text) refers to defsig_general.o(.text) for __default_signal_display
    defsig_other.o(.text) refers to defsig_general.o(.text) for __default_signal_display


==============================================================================

Removing Unused input sections from the image.

    Removing app.o(.text), (0 bytes).
    Removing app.o(.ARM.exidx.text.App_Setup), (8 bytes).
    Removing app.o(.ARM.exidx.text.App_Main_Loop), (8 bytes).
    Removing crc32.o(.text), (0 bytes).
    Removing crc32.o(.text.CRC32_Init), (28 bytes).
    Removing crc32.o(.ARM.exidx.text.CRC32_Init), (8 bytes).
    Removing crc32.o(.text.CRC32_Calculate), (92 bytes).
    Removing crc32.o(.ARM.exidx.text.CRC32_Calculate), (8 bytes).
    Removing crc32.o(.text.CRC32_MemoryRange), (72 bytes).
    Removing crc32.o(.ARM.exidx.text.CRC32_MemoryRange), (8 bytes).
    Removing debug.o(.text), (0 bytes).
    Removing debug.o(.ARM.exidx.text.Debug_Struct_Init), (8 bytes).
    Removing debug.o(.ARM.exidx.text.Debug_GPIO_Init), (8 bytes).
    Removing debug.o(.ARM.exidx.text.Debug_Reg_Init), (8 bytes).
    Removing debug.o(.ARM.exidx.text.__NVIC_EnableIRQ), (8 bytes).
    Removing debug.o(.ARM.exidx.text.__NVIC_SetPriority), (8 bytes).
    Removing debug.o(.ARM.exidx.text.Debug_Timer_Init), (8 bytes).
    Removing debug.o(.ARM.exidx.text.Debug_Timer_Enable), (8 bytes).
    Removing debug.o(.ARM.exidx.text.Debug_Timer_Disable), (8 bytes).
    Removing debug.o(.text.Debug_Get_Timer_Status), (12 bytes).
    Removing debug.o(.ARM.exidx.text.Debug_Get_Timer_Status), (8 bytes).
    Removing debug.o(.text.Debug_Get_Counter_Val), (12 bytes).
    Removing debug.o(.ARM.exidx.text.Debug_Get_Counter_Val), (8 bytes).
    Removing debug.o(.ARM.exidx.text.Debug_Counter_Reset), (8 bytes).
    Removing debug.o(.ARM.exidx.text.TIM16_IRQHandler), (8 bytes).
    Removing debug.o(.ARM.exidx.text.Debug_Get_Buf_Index), (8 bytes).
    Removing debug.o(.text.Debug_Tx_Byte), (60 bytes).
    Removing debug.o(.ARM.exidx.text.Debug_Tx_Byte), (8 bytes).
    Removing debug.o(.ARM.exidx.text.Debug_Rx_Byte), (8 bytes).
    Removing debug.o(.ARM.exidx.text.USART2_IRQHandler), (8 bytes).
    Removing debug.o(.text.Debug_Tx_Buf), (60 bytes).
    Removing debug.o(.ARM.exidx.text.Debug_Tx_Buf), (8 bytes).
    Removing debug.o(.text.Debug_Tx_NL), (16 bytes).
    Removing debug.o(.ARM.exidx.text.Debug_Tx_NL), (8 bytes).
    Removing debug.o(.text.Debug_Tx_SP), (10 bytes).
    Removing debug.o(.ARM.exidx.text.Debug_Tx_SP), (8 bytes).
    Removing debug.o(.text.Debug_Tx_CM), (10 bytes).
    Removing debug.o(.ARM.exidx.text.Debug_Tx_CM), (8 bytes).
    Removing debug.o(.text.Debug_Tx_Text), (56 bytes).
    Removing debug.o(.ARM.exidx.text.Debug_Tx_Text), (8 bytes).
    Removing debug.o(.text.Debug_Tx_Text_NL), (20 bytes).
    Removing debug.o(.ARM.exidx.text.Debug_Tx_Text_NL), (8 bytes).
    Removing debug.o(.text.Debug_Tx_Text_SP), (20 bytes).
    Removing debug.o(.ARM.exidx.text.Debug_Tx_Text_SP), (8 bytes).
    Removing debug.o(.text.Debug_Tx_Text_CM), (20 bytes).
    Removing debug.o(.ARM.exidx.text.Debug_Tx_Text_CM), (8 bytes).
    Removing debug.o(.text.Debug_Determine_Digit_Numbers), (112 bytes).
    Removing debug.o(.ARM.exidx.text.Debug_Determine_Digit_Numbers), (8 bytes).
    Removing debug.o(.text.Debug_Tx_Number_Digits), (84 bytes).
    Removing debug.o(.ARM.exidx.text.Debug_Tx_Number_Digits), (8 bytes).
    Removing debug.o(.text.Debug_Tx_Number), (42 bytes).
    Removing debug.o(.ARM.exidx.text.Debug_Tx_Number), (8 bytes).
    Removing debug.o(.text.Debug_Tx_Number_Hex), (186 bytes).
    Removing debug.o(.ARM.exidx.text.Debug_Tx_Number_Hex), (8 bytes).
    Removing debug.o(.text.Debug_Tx_Number_Bin), (128 bytes).
    Removing debug.o(.ARM.exidx.text.Debug_Tx_Number_Bin), (8 bytes).
    Removing debug.o(.text.Debug_Tx_Number_NL), (20 bytes).
    Removing debug.o(.ARM.exidx.text.Debug_Tx_Number_NL), (8 bytes).
    Removing debug.o(.text.Debug_Tx_Number_SP), (20 bytes).
    Removing debug.o(.ARM.exidx.text.Debug_Tx_Number_SP), (8 bytes).
    Removing debug.o(.text.Debug_Tx_Number_CM), (20 bytes).
    Removing debug.o(.ARM.exidx.text.Debug_Tx_Number_CM), (8 bytes).
    Removing debug.o(.text.Debug_Tx_Number_Hex_NL), (20 bytes).
    Removing debug.o(.ARM.exidx.text.Debug_Tx_Number_Hex_NL), (8 bytes).
    Removing debug.o(.text.Debug_Tx_Number_Hex_SP), (20 bytes).
    Removing debug.o(.ARM.exidx.text.Debug_Tx_Number_Hex_SP), (8 bytes).
    Removing debug.o(.text.Debug_Tx_Number_Hex_CM), (20 bytes).
    Removing debug.o(.ARM.exidx.text.Debug_Tx_Number_Hex_CM), (8 bytes).
    Removing debug.o(.text.Debug_Tx_Number_Bin_NL), (20 bytes).
    Removing debug.o(.ARM.exidx.text.Debug_Tx_Number_Bin_NL), (8 bytes).
    Removing debug.o(.text.Debug_Tx_Number_Bin_SP), (20 bytes).
    Removing debug.o(.ARM.exidx.text.Debug_Tx_Number_Bin_SP), (8 bytes).
    Removing debug.o(.text.Debug_Tx_Number_Bin_CM), (20 bytes).
    Removing debug.o(.ARM.exidx.text.Debug_Tx_Number_Bin_CM), (8 bytes).
    Removing debug.o(.text.Debug_Tx_Parameter_NL), (28 bytes).
    Removing debug.o(.ARM.exidx.text.Debug_Tx_Parameter_NL), (8 bytes).
    Removing debug.o(.text.Debug_Tx_Parameter_SP), (28 bytes).
    Removing debug.o(.ARM.exidx.text.Debug_Tx_Parameter_SP), (8 bytes).
    Removing debug.o(.text.Debug_Tx_Parameter_CM), (28 bytes).
    Removing debug.o(.ARM.exidx.text.Debug_Tx_Parameter_CM), (8 bytes).
    Removing debug.o(.text.Debug_Tx_Parameter_Hex_NL), (28 bytes).
    Removing debug.o(.ARM.exidx.text.Debug_Tx_Parameter_Hex_NL), (8 bytes).
    Removing debug.o(.text.Debug_Tx_Parameter_Hex_SP), (28 bytes).
    Removing debug.o(.ARM.exidx.text.Debug_Tx_Parameter_Hex_SP), (8 bytes).
    Removing debug.o(.text.Debug_Tx_Parameter_Hex_CM), (28 bytes).
    Removing debug.o(.ARM.exidx.text.Debug_Tx_Parameter_Hex_CM), (8 bytes).
    Removing debug.o(.text.Debug_Tx_Parameter_Bin_NL), (28 bytes).
    Removing debug.o(.ARM.exidx.text.Debug_Tx_Parameter_Bin_NL), (8 bytes).
    Removing debug.o(.text.Debug_Tx_Parameter_Bin_SP), (28 bytes).
    Removing debug.o(.ARM.exidx.text.Debug_Tx_Parameter_Bin_SP), (8 bytes).
    Removing debug.o(.text.Debug_Tx_Parameter_Bin_CM), (28 bytes).
    Removing debug.o(.ARM.exidx.text.Debug_Tx_Parameter_Bin_CM), (8 bytes).
    Removing debug.o(.text.Debug_Flush_Buf), (60 bytes).
    Removing debug.o(.ARM.exidx.text.Debug_Flush_Buf), (8 bytes).
    Removing debug.o(.text.Debug_Get_Buf), (24 bytes).
    Removing debug.o(.ARM.exidx.text.Debug_Get_Buf), (8 bytes).
    Removing debug.o(.text.Debug_Get_Data_Available_Flag), (12 bytes).
    Removing debug.o(.ARM.exidx.text.Debug_Get_Data_Available_Flag), (8 bytes).
    Removing debug.o(.text.Debug_Data_Available), (12 bytes).
    Removing debug.o(.ARM.exidx.text.Debug_Data_Available), (8 bytes).
    Removing debug.o(.text.Debug_Clear_Data_Available_Flag), (16 bytes).
    Removing debug.o(.ARM.exidx.text.Debug_Clear_Data_Available_Flag), (8 bytes).
    Removing debug.o(.text.Debug_Get_Data_Len), (8 bytes).
    Removing debug.o(.ARM.exidx.text.Debug_Get_Data_Len), (8 bytes).
    Removing debug.o(.text.Debug_Data_Copy_Buf), (68 bytes).
    Removing debug.o(.ARM.exidx.text.Debug_Data_Copy_Buf), (8 bytes).
    Removing debug.o(.text.Debug_Print_Buf_Data), (76 bytes).
    Removing debug.o(.ARM.exidx.text.Debug_Print_Buf_Data), (8 bytes).
    Removing debug.o(.ARM.exidx.text.Debug_Init), (8 bytes).
    Removing flash.o(.text), (0 bytes).
    Removing flash.o(.text.flash_erase_page), (108 bytes).
    Removing flash.o(.ARM.exidx.text.flash_erase_page), (8 bytes).
    Removing flash.o(.text.flash_wait_busy), (24 bytes).
    Removing flash.o(.ARM.exidx.text.flash_wait_busy), (8 bytes).
    Removing flash.o(.text.flash_clear_flags), (20 bytes).
    Removing flash.o(.ARM.exidx.text.flash_clear_flags), (8 bytes).
    Removing flash.o(.text.flash_unlock), (44 bytes).
    Removing flash.o(.ARM.exidx.text.flash_unlock), (8 bytes).
    Removing flash.o(.text.flash_lock), (20 bytes).
    Removing flash.o(.ARM.exidx.text.flash_lock), (8 bytes).
    Removing flash.o(.text.flash_erase_page_by_number), (100 bytes).
    Removing flash.o(.ARM.exidx.text.flash_erase_page_by_number), (8 bytes).
    Removing flash.o(.text.flash_write_word), (76 bytes).
    Removing flash.o(.ARM.exidx.text.flash_write_word), (8 bytes).
    Removing flash.o(.text.flash_erase_full_pages), (46 bytes).
    Removing flash.o(.ARM.exidx.text.flash_erase_full_pages), (8 bytes).
    Removing flash.o(.text.flash_get_page_address), (18 bytes).
    Removing flash.o(.ARM.exidx.text.flash_get_page_address), (8 bytes).
    Removing gpio.o(.text), (0 bytes).
    Removing gpio.o(.ARM.exidx.text.GPIO_Init), (8 bytes).
    Removing gpio.o(.ARM.exidx.text.GPIO_SetPin), (8 bytes).
    Removing gpio.o(.text.GPIO_ResetPin), (24 bytes).
    Removing gpio.o(.ARM.exidx.text.GPIO_ResetPin), (8 bytes).
    Removing gpio.o(.ARM.exidx.text.GPIO_TogglePin), (8 bytes).
    Removing gpio.o(.text.GPIO_ReadPin), (30 bytes).
    Removing gpio.o(.ARM.exidx.text.GPIO_ReadPin), (8 bytes).
    Removing main.o(.text), (0 bytes).
    Removing main.o(.ARM.exidx.text.main), (8 bytes).
    Removing main.o(.ARM.use_no_argv), (4 bytes).
    Removing sw_timebase.o(.text), (0 bytes).
    Removing sw_timebase.o(.ARM.exidx.text.sw_timebase_struct_init), (8 bytes).
    Removing sw_timebase.o(.ARM.exidx.text.sw_timebase_enable), (8 bytes).
    Removing sw_timebase.o(.ARM.exidx.text.__NVIC_SetPriority), (8 bytes).
    Removing sw_timebase.o(.ARM.exidx.text.__NVIC_EnableIRQ), (8 bytes).
    Removing sw_timebase.o(.ARM.exidx.text.sw_timebase_Init), (8 bytes).
    Removing sw_timebase.o(.text.sw_timebase_disable), (10 bytes).
    Removing sw_timebase.o(.ARM.exidx.text.sw_timebase_disable), (8 bytes).
    Removing sw_timebase.o(.text.sw_hardware_timer_disable), (16 bytes).
    Removing sw_timebase.o(.ARM.exidx.text.sw_hardware_timer_disable), (8 bytes).
    Removing sw_timebase.o(.text.sw_hardware_timer_reset), (28 bytes).
    Removing sw_timebase.o(.ARM.exidx.text.sw_hardware_timer_reset), (8 bytes).
    Removing sw_timebase.o(.text.sw_hardware_timer_interrupt_enable), (24 bytes).
    Removing sw_timebase.o(.ARM.exidx.text.sw_hardware_timer_interrupt_enable), (8 bytes).
    Removing sw_timebase.o(.text.sw_hardware_timer_interrupt_disable), (24 bytes).
    Removing sw_timebase.o(.ARM.exidx.text.sw_hardware_timer_interrupt_disable), (8 bytes).
    Removing sw_timebase.o(.text.__NVIC_DisableIRQ), (52 bytes).
    Removing sw_timebase.o(.ARM.exidx.text.__NVIC_DisableIRQ), (8 bytes).
    Removing sw_timebase.o(.ARM.exidx.text.sw_timebase_atomic_operation_start), (8 bytes).
    Removing sw_timebase.o(.ARM.exidx.text.sw_timebase_atomic_operation_end), (8 bytes).
    Removing sw_timebase.o(.ARM.exidx.text.TIM17_IRQHandler), (8 bytes).
    Removing sw_timebase.o(.ARM.exidx.text.sw_timebase_ISR_executables), (8 bytes).
    Removing sw_timebase.o(.ARM.exidx.text.sw_timebase_get_sub_seconds), (8 bytes).
    Removing sw_timebase.o(.text.sw_timebase_get_shadow_sub_seconds), (12 bytes).
    Removing sw_timebase.o(.ARM.exidx.text.sw_timebase_get_shadow_sub_seconds), (8 bytes).
    Removing sw_timebase.o(.ARM.exidx.text.sw_timebase_get_seconds), (8 bytes).
    Removing sw_timebase.o(.text.sw_timebase_get_shadow_seconds), (12 bytes).
    Removing sw_timebase.o(.ARM.exidx.text.sw_timebase_get_shadow_seconds), (8 bytes).
    Removing sw_timebase.o(.text.sw_timebase_get_shadow_sub_seconds_uptime), (16 bytes).
    Removing sw_timebase.o(.ARM.exidx.text.sw_timebase_get_shadow_sub_seconds_uptime), (8 bytes).
    Removing sw_timebase.o(.text.sw_timebase_set_sub_seconds), (24 bytes).
    Removing sw_timebase.o(.ARM.exidx.text.sw_timebase_set_sub_seconds), (8 bytes).
    Removing sw_timebase.o(.text.sw_timebase_set_shadow_sub_seconds), (32 bytes).
    Removing sw_timebase.o(.ARM.exidx.text.sw_timebase_set_shadow_sub_seconds), (8 bytes).
    Removing sw_timebase.o(.text.sw_timebase_set_seconds), (20 bytes).
    Removing sw_timebase.o(.ARM.exidx.text.sw_timebase_set_seconds), (8 bytes).
    Removing sw_timebase.o(.text.sw_timebase_set_shadow_seconds), (32 bytes).
    Removing sw_timebase.o(.ARM.exidx.text.sw_timebase_set_shadow_seconds), (8 bytes).
    Removing sw_timebase.o(.text.sw_timebase_set_shadow_sub_seconds_uptime), (36 bytes).
    Removing sw_timebase.o(.ARM.exidx.text.sw_timebase_set_shadow_sub_seconds_uptime), (8 bytes).
    Removing sw_timebase.o(.text.sw_timebase_get_shadow_sub_seconds_securely), (48 bytes).
    Removing sw_timebase.o(.ARM.exidx.text.sw_timebase_get_shadow_sub_seconds_securely), (8 bytes).
    Removing sw_timebase.o(.text.sw_timebase_get_shadow_seconds_securely), (44 bytes).
    Removing sw_timebase.o(.ARM.exidx.text.sw_timebase_get_shadow_seconds_securely), (8 bytes).
    Removing sw_timebase.o(.text.sw_timebase_get_shadow_sub_seconds_uptime_securely), (64 bytes).
    Removing sw_timebase.o(.ARM.exidx.text.sw_timebase_get_shadow_sub_seconds_uptime_securely), (8 bytes).
    Removing sw_timebase.o(.ARM.exidx.text.sw_timebase_counter_get_status), (8 bytes).
    Removing sw_timebase.o(.ARM.exidx.text.sw_timebase_counter_set_status), (8 bytes).
    Removing sw_timebase.o(.text.sw_timebase_counter_get_period_status_flag), (36 bytes).
    Removing sw_timebase.o(.ARM.exidx.text.sw_timebase_counter_get_period_status_flag), (8 bytes).
    Removing sw_timebase.o(.text.sw_timebase_counter_set_period_status_flag), (52 bytes).
    Removing sw_timebase.o(.ARM.exidx.text.sw_timebase_counter_set_period_status_flag), (8 bytes).
    Removing sw_timebase.o(.text.sw_timebase_counter_reset_period_status_flag), (36 bytes).
    Removing sw_timebase.o(.ARM.exidx.text.sw_timebase_counter_reset_period_status_flag), (8 bytes).
    Removing sw_timebase.o(.ARM.exidx.text.sw_timebase_counter_get_current_value), (8 bytes).
    Removing sw_timebase.o(.ARM.exidx.text.sw_timebase_counter_set_current_value), (8 bytes).
    Removing sw_timebase.o(.ARM.exidx.text.sw_timebase_counter_get_end_value), (8 bytes).
    Removing sw_timebase.o(.ARM.exidx.text.sw_timebase_counter_set_end_value), (8 bytes).
    Removing sw_timebase.o(.text.sw_timebase_counter_get_period_value), (28 bytes).
    Removing sw_timebase.o(.ARM.exidx.text.sw_timebase_counter_get_period_value), (8 bytes).
    Removing sw_timebase.o(.text.sw_timebase_counter_set_period_value), (32 bytes).
    Removing sw_timebase.o(.ARM.exidx.text.sw_timebase_counter_set_period_value), (8 bytes).
    Removing sw_timebase.o(.ARM.exidx.text.sw_timebase_counter_get_reload_value), (8 bytes).
    Removing sw_timebase.o(.ARM.exidx.text.sw_timebase_counter_set_reload_value), (8 bytes).
    Removing sw_timebase.o(.ARM.exidx.text.sw_timebase_counter_get_target_value), (8 bytes).
    Removing sw_timebase.o(.text.sw_timebase_counter_set_target_value), (32 bytes).
    Removing sw_timebase.o(.ARM.exidx.text.sw_timebase_counter_set_target_value), (8 bytes).
    Removing sw_timebase.o(.ARM.exidx.text.sw_timebase_counter_get_temporary_value), (8 bytes).
    Removing sw_timebase.o(.ARM.exidx.text.sw_timebase_counter_set_temporary_value), (8 bytes).
    Removing sw_timebase.o(.text.sw_timebase_counter_reset), (94 bytes).
    Removing sw_timebase.o(.ARM.exidx.text.sw_timebase_counter_reset), (8 bytes).
    Removing sw_timebase.o(.text.sw_timebase_counter_clear_flag), (20 bytes).
    Removing sw_timebase.o(.ARM.exidx.text.sw_timebase_counter_clear_flag), (8 bytes).
    Removing sw_timebase.o(.text.sw_timebase_counter_start), (38 bytes).
    Removing sw_timebase.o(.ARM.exidx.text.sw_timebase_counter_start), (8 bytes).
    Removing sw_timebase.o(.text.sw_timebase_counter_stop), (38 bytes).
    Removing sw_timebase.o(.ARM.exidx.text.sw_timebase_counter_stop), (8 bytes).
    Removing sw_timebase.o(.text.sw_timebase_counter_set_securely), (106 bytes).
    Removing sw_timebase.o(.ARM.exidx.text.sw_timebase_counter_set_securely), (8 bytes).
    Removing sw_timebase.o(.text.sw_timebase_counter_set_forcefully), (34 bytes).
    Removing sw_timebase.o(.ARM.exidx.text.sw_timebase_counter_set_forcefully), (8 bytes).
    Removing sw_timebase.o(.ARM.exidx.text.sw_timebase_counter_update), (8 bytes).
    Removing sw_timebase.o(.text.sw_timebase_counter_expired), (46 bytes).
    Removing sw_timebase.o(.ARM.exidx.text.sw_timebase_counter_expired), (8 bytes).
    Removing sw_timebase.o(.text.sw_timebase_counter_expired_event), (54 bytes).
    Removing sw_timebase.o(.ARM.exidx.text.sw_timebase_counter_expired_event), (8 bytes).
    Removing sw_timebase.o(.text.sw_timebase_counter_oneshot_expired_event), (20 bytes).
    Removing sw_timebase.o(.ARM.exidx.text.sw_timebase_counter_oneshot_expired_event), (8 bytes).
    Removing sw_timebase.o(.text.sw_timebase_counter_continous_expired_event), (78 bytes).
    Removing sw_timebase.o(.ARM.exidx.text.sw_timebase_counter_continous_expired_event), (8 bytes).
    Removing sw_timebase.o(.text.sw_timebase_counter_set_period_value_securely), (112 bytes).
    Removing sw_timebase.o(.ARM.exidx.text.sw_timebase_counter_set_period_value_securely), (8 bytes).
    Removing sw_timebase.o(.text.sw_timebase_counter_get_remaining_period_value), (94 bytes).
    Removing sw_timebase.o(.ARM.exidx.text.sw_timebase_counter_get_remaining_period_value), (8 bytes).
    Removing sw_timebase.o(.text.sw_timebase_counter_period_value_expired), (24 bytes).
    Removing sw_timebase.o(.ARM.exidx.text.sw_timebase_counter_period_value_expired), (8 bytes).
    Removing sw_timebase.o(.text._period_expired_condition), (56 bytes).
    Removing sw_timebase.o(.ARM.exidx.text._period_expired_condition), (8 bytes).
    Removing sw_timebase.o(.text.sw_timebase_counter_period_value_expired_event), (56 bytes).
    Removing sw_timebase.o(.ARM.exidx.text.sw_timebase_counter_period_value_expired_event), (8 bytes).
    Removing sw_timebase.o(.text.sw_timebase_counter_delay_seconds), (140 bytes).
    Removing sw_timebase.o(.ARM.exidx.text.sw_timebase_counter_delay_seconds), (8 bytes).
    Removing sw_timebase.o(.ARM.exidx.text.sw_timebase_counter_update_all), (8 bytes).
    Removing sw_timebase.o(.text.sw_timebase_counter_reset_all), (46 bytes).
    Removing sw_timebase.o(.ARM.exidx.text.sw_timebase_counter_reset_all), (8 bytes).
    Removing sw_timebase.o(.ARM.exidx.text.sw_timebase_counter_ss_get_status), (8 bytes).
    Removing sw_timebase.o(.ARM.exidx.text.sw_timebase_counter_ss_set_status), (8 bytes).
    Removing sw_timebase.o(.text.sw_timebase_counter_ss_get_period_status_flag), (36 bytes).
    Removing sw_timebase.o(.ARM.exidx.text.sw_timebase_counter_ss_get_period_status_flag), (8 bytes).
    Removing sw_timebase.o(.text.sw_timebase_counter_ss_set_period_status_flag), (52 bytes).
    Removing sw_timebase.o(.ARM.exidx.text.sw_timebase_counter_ss_set_period_status_flag), (8 bytes).
    Removing sw_timebase.o(.ARM.exidx.text.sw_timebase_counter_ss_reset_period_status_flag), (8 bytes).
    Removing sw_timebase.o(.text.sw_timebase_counter_ss_get_current_value), (32 bytes).
    Removing sw_timebase.o(.ARM.exidx.text.sw_timebase_counter_ss_get_current_value), (8 bytes).
    Removing sw_timebase.o(.ARM.exidx.text.sw_timebase_counter_ss_set_current_value), (8 bytes).
    Removing sw_timebase.o(.ARM.exidx.text.sw_timebase_counter_ss_get_end_value), (8 bytes).
    Removing sw_timebase.o(.ARM.exidx.text.sw_timebase_counter_ss_set_end_value), (8 bytes).
    Removing sw_timebase.o(.ARM.exidx.text.sw_timebase_counter_ss_get_end_value_sub_sec), (8 bytes).
    Removing sw_timebase.o(.ARM.exidx.text.sw_timebase_counter_ss_set_end_value_sub_sec), (8 bytes).
    Removing sw_timebase.o(.text.sw_timebase_counter_ss_get_period_value), (32 bytes).
    Removing sw_timebase.o(.ARM.exidx.text.sw_timebase_counter_ss_get_period_value), (8 bytes).
    Removing sw_timebase.o(.ARM.exidx.text.sw_timebase_counter_ss_set_period_value), (8 bytes).
    Removing sw_timebase.o(.ARM.exidx.text.sw_timebase_counter_ss_get_reload_value), (8 bytes).
    Removing sw_timebase.o(.ARM.exidx.text.sw_timebase_counter_ss_set_reload_value), (8 bytes).
    Removing sw_timebase.o(.ARM.exidx.text.sw_timebase_counter_ss_get_target_value), (8 bytes).
    Removing sw_timebase.o(.ARM.exidx.text.sw_timebase_counter_ss_set_target_value), (8 bytes).
    Removing sw_timebase.o(.ARM.exidx.text.sw_timebase_counter_ss_get_temporary_value), (8 bytes).
    Removing sw_timebase.o(.ARM.exidx.text.sw_timebase_counter_ss_set_temporary_value), (8 bytes).
    Removing sw_timebase.o(.ARM.exidx.text.sw_timebase_counter_ss_reset), (8 bytes).
    Removing sw_timebase.o(.ARM.exidx.text.sw_timebase_counter_ss_clear_flag), (8 bytes).
    Removing sw_timebase.o(.text.sw_timebase_counter_ss_start), (38 bytes).
    Removing sw_timebase.o(.ARM.exidx.text.sw_timebase_counter_ss_start), (8 bytes).
    Removing sw_timebase.o(.text.sw_timebase_counter_ss_stop), (38 bytes).
    Removing sw_timebase.o(.ARM.exidx.text.sw_timebase_counter_ss_stop), (8 bytes).
    Removing sw_timebase.o(.ARM.exidx.text.sw_timebase_counter_ss_set_securely), (8 bytes).
    Removing sw_timebase.o(.text.sw_timebase_counter_ss_set_forcefully), (34 bytes).
    Removing sw_timebase.o(.ARM.exidx.text.sw_timebase_counter_ss_set_forcefully), (8 bytes).
    Removing sw_timebase.o(.ARM.exidx.text.sw_timebase_counter_ss_update), (8 bytes).
    Removing sw_timebase.o(.text.sw_timebase_counter_ss_expired), (46 bytes).
    Removing sw_timebase.o(.ARM.exidx.text.sw_timebase_counter_ss_expired), (8 bytes).
    Removing sw_timebase.o(.text.sw_timebase_counter_ss_expired_event), (54 bytes).
    Removing sw_timebase.o(.ARM.exidx.text.sw_timebase_counter_ss_expired_event), (8 bytes).
    Removing sw_timebase.o(.text.sw_timebase_counter_ss_oneshot_expired_event), (20 bytes).
    Removing sw_timebase.o(.ARM.exidx.text.sw_timebase_counter_ss_oneshot_expired_event), (8 bytes).
    Removing sw_timebase.o(.ARM.exidx.text.sw_timebase_counter_ss_continous_expired_event), (8 bytes).
    Removing sw_timebase.o(.text.sw_timebase_counter_ss_set_period_value_securely), (112 bytes).
    Removing sw_timebase.o(.ARM.exidx.text.sw_timebase_counter_ss_set_period_value_securely), (8 bytes).
    Removing sw_timebase.o(.text.sw_timebase_counter_ss_get_remaining_period_value), (94 bytes).
    Removing sw_timebase.o(.ARM.exidx.text.sw_timebase_counter_ss_get_remaining_period_value), (8 bytes).
    Removing sw_timebase.o(.text.sw_timebase_counter_ss_period_value_expired), (24 bytes).
    Removing sw_timebase.o(.ARM.exidx.text.sw_timebase_counter_ss_period_value_expired), (8 bytes).
    Removing sw_timebase.o(.text._period_ss_expired_condition), (56 bytes).
    Removing sw_timebase.o(.ARM.exidx.text._period_ss_expired_condition), (8 bytes).
    Removing sw_timebase.o(.text.sw_timebase_counter_ss_period_value_expired_event), (56 bytes).
    Removing sw_timebase.o(.ARM.exidx.text.sw_timebase_counter_ss_period_value_expired_event), (8 bytes).
    Removing sw_timebase.o(.text.sw_timebase_counter_delay_subseconds), (164 bytes).
    Removing sw_timebase.o(.ARM.exidx.text.sw_timebase_counter_delay_subseconds), (8 bytes).
    Removing sw_timebase.o(.ARM.exidx.text.sw_timebase_counter_ss_update_all), (8 bytes).
    Removing sw_timebase.o(.text.sw_timebase_counter_ss_reset_all), (46 bytes).
    Removing sw_timebase.o(.ARM.exidx.text.sw_timebase_counter_ss_reset_all), (8 bytes).
    Removing sw_timebase.o(.ARM.exidx.text.sw_timebase_main_loop_executable), (8 bytes).
    Removing sw_timebase.o(.ARM.exidx.text.sw_timebase_variable_sync), (8 bytes).
    Removing system_stm32g0xx.o(.text), (0 bytes).
    Removing system_stm32g0xx.o(.ARM.exidx.text.SystemInit), (8 bytes).
    Removing system_stm32g0xx.o(.text.SystemCoreClockUpdate), (380 bytes).
    Removing system_stm32g0xx.o(.ARM.exidx.text.SystemCoreClockUpdate), (8 bytes).
    Removing system_stm32g0xx.o(.data.SystemCoreClock), (4 bytes).
    Removing system_stm32g0xx.o(.rodata.AHBPrescTable), (64 bytes).
    Removing system_stm32g0xx.o(.rodata.APBPrescTable), (32 bytes).

308 unused section(s) (total 6898 bytes) removed from the image.

==============================================================================

Image Symbol Table

    Local Symbols

    Symbol Name                              Value     Ov Type        Size  Object(Section)

    ../clib/angel/boardlib.s                 0x00000000   Number         0  boardinit1.o ABSOLUTE
    ../clib/angel/boardlib.s                 0x00000000   Number         0  boardinit2.o ABSOLUTE
    ../clib/angel/boardlib.s                 0x00000000   Number         0  boardinit3.o ABSOLUTE
    ../clib/angel/boardlib.s                 0x00000000   Number         0  boardshut.o ABSOLUTE
    ../clib/angel/handlers.s                 0x00000000   Number         0  __scatter_zi.o ABSOLUTE
    ../clib/angel/kernel.s                   0x00000000   Number         0  __rtentry.o ABSOLUTE
    ../clib/angel/kernel.s                   0x00000000   Number         0  __rtentry2.o ABSOLUTE
    ../clib/angel/kernel.s                   0x00000000   Number         0  __rtentry4.o ABSOLUTE
    ../clib/angel/kernel.s                   0x00000000   Number         0  rtexit.o ABSOLUTE
    ../clib/angel/kernel.s                   0x00000000   Number         0  rtexit2.o ABSOLUTE
    ../clib/angel/rt.s                       0x00000000   Number         0  aeabi_idiv0.o ABSOLUTE
    ../clib/angel/rt.s                       0x00000000   Number         0  aeabi_idiv0_sigfpe.o ABSOLUTE
    ../clib/angel/rt.s                       0x00000000   Number         0  rt_div0.o ABSOLUTE
    ../clib/angel/rt.s                       0x00000000   Number         0  rt_raise.o ABSOLUTE
    ../clib/angel/scatterp.s                 0x00000000   Number         0  __scatter.o ABSOLUTE
    ../clib/angel/startup.s                  0x00000000   Number         0  __main.o ABSOLUTE
    ../clib/angel/sys.s                      0x00000000   Number         0  sys_stackheap_outer.o ABSOLUTE
    ../clib/angel/sys.s                      0x00000000   Number         0  libspace.o ABSOLUTE
    ../clib/angel/sys.s                      0x00000000   Number         0  tempstk.o ABSOLUTE
    ../clib/angel/sys.s                      0x00000000   Number         0  use_no_semi.o ABSOLUTE
    ../clib/angel/sys.s                      0x00000000   Number         0  indicate_semi.o ABSOLUTE
    ../clib/angel/sysapp.c                   0x00000000   Number         0  sys_exit.o ABSOLUTE
    ../clib/angel/sysapp.c                   0x00000000   Number         0  sys_exit_hlt.o ABSOLUTE
    ../clib/angel/sysapp.c                   0x00000000   Number         0  sys_wrch.o ABSOLUTE
    ../clib/angel/sysapp.c                   0x00000000   Number         0  sys_wrch_hlt.o ABSOLUTE
    ../clib/angel/sysapp.c                   0x00000000   Number         0  sys_command.o ABSOLUTE
    ../clib/angel/sysapp.c                   0x00000000   Number         0  sys_command_hlt.o ABSOLUTE
    ../clib/armsys.c                         0x00000000   Number         0  argv_veneer.o ABSOLUTE
    ../clib/armsys.c                         0x00000000   Number         0  _get_argv_nomalloc.o ABSOLUTE
    ../clib/armsys.c                         0x00000000   Number         0  no_argv.o ABSOLUTE
    ../clib/division.s                       0x00000000   Number         0  aeabi_sdiv.o ABSOLUTE
    ../clib/division.s                       0x00000000   Number         0  aeabi_sdiv_div0.o ABSOLUTE
    ../clib/heapalloc.c                      0x00000000   Number         0  hrguard.o ABSOLUTE
    ../clib/heapaux.c                        0x00000000   Number         0  heapauxi.o ABSOLUTE
    ../clib/libinit.s                        0x00000000   Number         0  libinit.o ABSOLUTE
    ../clib/libinit.s                        0x00000000   Number         0  libinit2.o ABSOLUTE
    ../clib/libinit.s                        0x00000000   Number         0  libshutdown.o ABSOLUTE
    ../clib/libinit.s                        0x00000000   Number         0  libshutdown2.o ABSOLUTE
    ../clib/longlong.c                       0x00000000   Number         0  llmul.o ABSOLUTE
    ../clib/signal.c                         0x00000000   Number         0  defsig_fpe_outer.o ABSOLUTE
    ../clib/signal.c                         0x00000000   Number         0  defsig_fpe_formal.o ABSOLUTE
    ../clib/signal.c                         0x00000000   Number         0  defsig_exit.o ABSOLUTE
    ../clib/signal.c                         0x00000000   Number         0  defsig_fpe_inner.o ABSOLUTE
    ../clib/signal.c                         0x00000000   Number         0  __raise.o ABSOLUTE
    ../clib/signal.c                         0x00000000   Number         0  defsig_general.o ABSOLUTE
    ../clib/signal.c                         0x00000000   Number         0  defsig_abrt_inner.o ABSOLUTE
    ../clib/signal.c                         0x00000000   Number         0  defsig_rtred_inner.o ABSOLUTE
    ../clib/signal.c                         0x00000000   Number         0  defsig_rtmem_inner.o ABSOLUTE
    ../clib/signal.c                         0x00000000   Number         0  defsig_rtmem_outer.o ABSOLUTE
    ../clib/signal.c                         0x00000000   Number         0  defsig_rtmem_formal.o ABSOLUTE
    ../clib/signal.c                         0x00000000   Number         0  defsig_stak_inner.o ABSOLUTE
    ../clib/signal.c                         0x00000000   Number         0  defsig_pvfn_inner.o ABSOLUTE
    ../clib/signal.c                         0x00000000   Number         0  defsig_cppl_inner.o ABSOLUTE
    ../clib/signal.c                         0x00000000   Number         0  defsig_segv_inner.o ABSOLUTE
    ../clib/signal.c                         0x00000000   Number         0  defsig_other.o ABSOLUTE
    ../clib/signal.s                         0x00000000   Number         0  defsig.o ABSOLUTE
    ../clib/stdlib.c                         0x00000000   Number         0  exit.o ABSOLUTE
    ../fplib/cfplib/fpinit.c                 0x00000000   Number         0  fpinit.o ABSOLUTE
    RTE/Device/STM32G030F6Px/startup_stm32g030xx.s 0x00000000   Number         0  startup_stm32g030xx.o ABSOLUTE
    app.c                                    0x00000000   Number         0  app.o ABSOLUTE
    crc32.c                                  0x00000000   Number         0  crc32.o ABSOLUTE
    dc.s                                     0x00000000   Number         0  dc.o ABSOLUTE
    debug.c                                  0x00000000   Number         0  debug.o ABSOLUTE
    flash.c                                  0x00000000   Number         0  flash.o ABSOLUTE
    gpio.c                                   0x00000000   Number         0  gpio.o ABSOLUTE
    main.c                                   0x00000000   Number         0  main.o ABSOLUTE
    sw_timebase.c                            0x00000000   Number         0  sw_timebase.o ABSOLUTE
    system_stm32g0xx.c                       0x00000000   Number         0  system_stm32g0xx.o ABSOLUTE
    RESET                                    0x08002000   Section      192  startup_stm32g030xx.o(RESET)
    !!!main                                  0x080020c0   Section        8  __main.o(!!!main)
    !!!scatter                               0x080020c8   Section       84  __scatter.o(!!!scatter)
    !!handler_null                           0x0800211c   Section        2  __scatter.o(!!handler_null)
    !!handler_zi                             0x08002120   Section       28  __scatter_zi.o(!!handler_zi)
    .ARM.Collect$$libinit$$00000000          0x0800213c   Section        2  libinit.o(.ARM.Collect$$libinit$$00000000)
    .ARM.Collect$$libinit$$00000002          0x0800213e   Section        0  libinit2.o(.ARM.Collect$$libinit$$00000002)
    .ARM.Collect$$libinit$$00000004          0x0800213e   Section        0  libinit2.o(.ARM.Collect$$libinit$$00000004)
    .ARM.Collect$$libinit$$00000006          0x0800213e   Section        0  libinit2.o(.ARM.Collect$$libinit$$00000006)
    .ARM.Collect$$libinit$$0000000C          0x0800213e   Section        0  libinit2.o(.ARM.Collect$$libinit$$0000000C)
    .ARM.Collect$$libinit$$0000000E          0x0800213e   Section        0  libinit2.o(.ARM.Collect$$libinit$$0000000E)
    .ARM.Collect$$libinit$$00000010          0x0800213e   Section        0  libinit2.o(.ARM.Collect$$libinit$$00000010)
    .ARM.Collect$$libinit$$00000013          0x0800213e   Section        0  libinit2.o(.ARM.Collect$$libinit$$00000013)
    .ARM.Collect$$libinit$$00000015          0x0800213e   Section        0  libinit2.o(.ARM.Collect$$libinit$$00000015)
    .ARM.Collect$$libinit$$00000017          0x0800213e   Section        0  libinit2.o(.ARM.Collect$$libinit$$00000017)
    .ARM.Collect$$libinit$$00000019          0x0800213e   Section        0  libinit2.o(.ARM.Collect$$libinit$$00000019)
    .ARM.Collect$$libinit$$0000001B          0x0800213e   Section        0  libinit2.o(.ARM.Collect$$libinit$$0000001B)
    .ARM.Collect$$libinit$$0000001D          0x0800213e   Section        0  libinit2.o(.ARM.Collect$$libinit$$0000001D)
    .ARM.Collect$$libinit$$0000001F          0x0800213e   Section        0  libinit2.o(.ARM.Collect$$libinit$$0000001F)
    .ARM.Collect$$libinit$$00000021          0x0800213e   Section        0  libinit2.o(.ARM.Collect$$libinit$$00000021)
    .ARM.Collect$$libinit$$00000023          0x0800213e   Section        0  libinit2.o(.ARM.Collect$$libinit$$00000023)
    .ARM.Collect$$libinit$$00000025          0x0800213e   Section        0  libinit2.o(.ARM.Collect$$libinit$$00000025)
    .ARM.Collect$$libinit$$00000027          0x0800213e   Section        0  libinit2.o(.ARM.Collect$$libinit$$00000027)
    .ARM.Collect$$libinit$$0000002E          0x0800213e   Section        0  libinit2.o(.ARM.Collect$$libinit$$0000002E)
    .ARM.Collect$$libinit$$00000030          0x0800213e   Section        0  libinit2.o(.ARM.Collect$$libinit$$00000030)
    .ARM.Collect$$libinit$$00000032          0x0800213e   Section        0  libinit2.o(.ARM.Collect$$libinit$$00000032)
    .ARM.Collect$$libinit$$00000034          0x0800213e   Section        0  libinit2.o(.ARM.Collect$$libinit$$00000034)
    .ARM.Collect$$libinit$$00000035          0x0800213e   Section        2  libinit2.o(.ARM.Collect$$libinit$$00000035)
    .ARM.Collect$$libshutdown$$00000000      0x08002140   Section        2  libshutdown.o(.ARM.Collect$$libshutdown$$00000000)
    .ARM.Collect$$libshutdown$$00000002      0x08002142   Section        0  libshutdown2.o(.ARM.Collect$$libshutdown$$00000002)
    .ARM.Collect$$libshutdown$$00000004      0x08002142   Section        0  libshutdown2.o(.ARM.Collect$$libshutdown$$00000004)
    .ARM.Collect$$libshutdown$$00000007      0x08002142   Section        0  libshutdown2.o(.ARM.Collect$$libshutdown$$00000007)
    .ARM.Collect$$libshutdown$$0000000A      0x08002142   Section        0  libshutdown2.o(.ARM.Collect$$libshutdown$$0000000A)
    .ARM.Collect$$libshutdown$$0000000C      0x08002142   Section        0  libshutdown2.o(.ARM.Collect$$libshutdown$$0000000C)
    .ARM.Collect$$libshutdown$$0000000F      0x08002142   Section        0  libshutdown2.o(.ARM.Collect$$libshutdown$$0000000F)
    .ARM.Collect$$libshutdown$$00000010      0x08002142   Section        2  libshutdown2.o(.ARM.Collect$$libshutdown$$00000010)
    .ARM.Collect$$rtentry$$00000000          0x08002144   Section        0  __rtentry.o(.ARM.Collect$$rtentry$$00000000)
    .ARM.Collect$$rtentry$$00000002          0x08002144   Section        0  __rtentry2.o(.ARM.Collect$$rtentry$$00000002)
    .ARM.Collect$$rtentry$$00000004          0x08002144   Section        6  __rtentry4.o(.ARM.Collect$$rtentry$$00000004)
    .ARM.Collect$$rtentry$$00000009          0x0800214a   Section        0  __rtentry2.o(.ARM.Collect$$rtentry$$00000009)
    .ARM.Collect$$rtentry$$0000000A          0x0800214a   Section        4  __rtentry2.o(.ARM.Collect$$rtentry$$0000000A)
    .ARM.Collect$$rtentry$$0000000C          0x0800214e   Section        0  __rtentry2.o(.ARM.Collect$$rtentry$$0000000C)
    .ARM.Collect$$rtentry$$0000000D          0x0800214e   Section        8  __rtentry2.o(.ARM.Collect$$rtentry$$0000000D)
    .ARM.Collect$$rtexit$$00000000           0x08002156   Section        2  rtexit.o(.ARM.Collect$$rtexit$$00000000)
    .ARM.Collect$$rtexit$$00000002           0x08002158   Section        0  rtexit2.o(.ARM.Collect$$rtexit$$00000002)
    .ARM.Collect$$rtexit$$00000003           0x08002158   Section        4  rtexit2.o(.ARM.Collect$$rtexit$$00000003)
    .ARM.Collect$$rtexit$$00000004           0x0800215c   Section        6  rtexit2.o(.ARM.Collect$$rtexit$$00000004)
    .text                                    0x08002164   Section       56  startup_stm32g030xx.o(.text)
    .text                                    0x0800219c   Section      364  aeabi_sdiv.o(.text)
    .text                                    0x08002308   Section        0  heapauxi.o(.text)
    .text                                    0x0800230e   Section       62  sys_stackheap_outer.o(.text)
    .text                                    0x0800234c   Section        0  exit.o(.text)
    .text                                    0x0800235c   Section        8  libspace.o(.text)
    .text                                    0x08002364   Section        0  sys_exit.o(.text)
    .text                                    0x08002370   Section        2  use_no_semi.o(.text)
    [Anonymous Symbol]                       0x08002372   Section        0  app.o(.text.App_Main_Loop)
    .text                                    0x08002372   Section        0  indicate_semi.o(.text)
    [Anonymous Symbol]                       0x08002398   Section        0  app.o(.text.App_Setup)
    [Anonymous Symbol]                       0x080023e4   Section        0  debug.o(.text.Debug_Counter_Reset)
    __arm_cp.10_0                            0x080023ec   Number         4  debug.o(.text.Debug_Counter_Reset)
    [Anonymous Symbol]                       0x080023f0   Section        0  debug.o(.text.Debug_GPIO_Init)
    __arm_cp.1_0                             0x0800247c   Number         4  debug.o(.text.Debug_GPIO_Init)
    __arm_cp.1_1                             0x08002480   Number         4  debug.o(.text.Debug_GPIO_Init)
    __arm_cp.1_2                             0x08002484   Number         4  debug.o(.text.Debug_GPIO_Init)
    [Anonymous Symbol]                       0x08002488   Section        0  debug.o(.text.Debug_Get_Buf_Index)
    [Anonymous Symbol]                       0x08002490   Section        0  debug.o(.text.Debug_Init)
    [Anonymous Symbol]                       0x080024ac   Section        0  debug.o(.text.Debug_Reg_Init)
    __arm_cp.2_0                             0x08002514   Number         4  debug.o(.text.Debug_Reg_Init)
    __arm_cp.2_1                             0x08002518   Number         4  debug.o(.text.Debug_Reg_Init)
    __arm_cp.2_2                             0x0800251c   Number         4  debug.o(.text.Debug_Reg_Init)
    __arm_cp.2_3                             0x08002520   Number         4  debug.o(.text.Debug_Reg_Init)
    [Anonymous Symbol]                       0x08002524   Section        0  debug.o(.text.Debug_Rx_Byte)
    __arm_cp.14_0                            0x08002534   Number         4  debug.o(.text.Debug_Rx_Byte)
    [Anonymous Symbol]                       0x08002538   Section        0  debug.o(.text.Debug_Struct_Init)
    [Anonymous Symbol]                       0x080025b0   Section        0  debug.o(.text.Debug_Timer_Disable)
    [Anonymous Symbol]                       0x080025c4   Section        0  debug.o(.text.Debug_Timer_Enable)
    [Anonymous Symbol]                       0x080025d8   Section        0  debug.o(.text.Debug_Timer_Init)
    __arm_cp.5_0                             0x08002638   Number         4  debug.o(.text.Debug_Timer_Init)
    __arm_cp.5_1                             0x0800263c   Number         4  debug.o(.text.Debug_Timer_Init)
    __arm_cp.5_2                             0x08002640   Number         4  debug.o(.text.Debug_Timer_Init)
    __arm_cp.5_3                             0x08002644   Number         4  debug.o(.text.Debug_Timer_Init)
    __arm_cp.5_4                             0x08002648   Number         4  debug.o(.text.Debug_Timer_Init)
    __arm_cp.5_5                             0x0800264c   Number         4  debug.o(.text.Debug_Timer_Init)
    __arm_cp.5_6                             0x08002650   Number         4  debug.o(.text.Debug_Timer_Init)
    [Anonymous Symbol]                       0x08002654   Section        0  gpio.o(.text.GPIO_Init)
    [Anonymous Symbol]                       0x08002732   Section        0  gpio.o(.text.GPIO_SetPin)
    [Anonymous Symbol]                       0x08002748   Section        0  gpio.o(.text.GPIO_TogglePin)
    [Anonymous Symbol]                       0x08002762   Section        0  system_stm32g0xx.o(.text.SystemInit)
    [Anonymous Symbol]                       0x08002764   Section        0  debug.o(.text.TIM16_IRQHandler)
    __arm_cp.11_1                            0x080027a4   Number         4  debug.o(.text.TIM16_IRQHandler)
    [Anonymous Symbol]                       0x080027a8   Section        0  sw_timebase.o(.text.TIM17_IRQHandler)
    __arm_cp.13_0                            0x080027c8   Number         4  sw_timebase.o(.text.TIM17_IRQHandler)
    [Anonymous Symbol]                       0x080027cc   Section        0  debug.o(.text.USART2_IRQHandler)
    __arm_cp.15_0                            0x08002820   Number         4  debug.o(.text.USART2_IRQHandler)
    __arm_cp.15_1                            0x08002824   Number         4  debug.o(.text.USART2_IRQHandler)
    __NVIC_EnableIRQ                         0x08002829   Thumb Code    40  debug.o(.text.__NVIC_EnableIRQ)
    [Anonymous Symbol]                       0x08002828   Section        0  debug.o(.text.__NVIC_EnableIRQ)
    __NVIC_EnableIRQ                         0x08002851   Thumb Code    40  sw_timebase.o(.text.__NVIC_EnableIRQ)
    [Anonymous Symbol]                       0x08002850   Section        0  sw_timebase.o(.text.__NVIC_EnableIRQ)
    __arm_cp.3_0                             0x08002878   Number         4  sw_timebase.o(.text.__NVIC_EnableIRQ)
    __NVIC_SetPriority                       0x0800287d   Thumb Code   124  debug.o(.text.__NVIC_SetPriority)
    [Anonymous Symbol]                       0x0800287c   Section        0  debug.o(.text.__NVIC_SetPriority)
    __NVIC_SetPriority                       0x080028f9   Thumb Code   124  sw_timebase.o(.text.__NVIC_SetPriority)
    [Anonymous Symbol]                       0x080028f8   Section        0  sw_timebase.o(.text.__NVIC_SetPriority)
    __arm_cp.2_0                             0x08002974   Number         4  sw_timebase.o(.text.__NVIC_SetPriority)
    __arm_cp.2_1                             0x08002978   Number         4  sw_timebase.o(.text.__NVIC_SetPriority)
    [Anonymous Symbol]                       0x0800297c   Section        0  main.o(.text.main)
    [Anonymous Symbol]                       0x08002990   Section        0  sw_timebase.o(.text.sw_timebase_ISR_executables)
    [Anonymous Symbol]                       0x080029dc   Section        0  sw_timebase.o(.text.sw_timebase_Init)
    [Anonymous Symbol]                       0x080029f0   Section        0  sw_timebase.o(.text.sw_timebase_atomic_operation_end)
    [Anonymous Symbol]                       0x080029f4   Section        0  sw_timebase.o(.text.sw_timebase_atomic_operation_start)
    [Anonymous Symbol]                       0x080029f8   Section        0  sw_timebase.o(.text.sw_timebase_counter_get_current_value)
    [Anonymous Symbol]                       0x08002a10   Section        0  sw_timebase.o(.text.sw_timebase_counter_get_end_value)
    [Anonymous Symbol]                       0x08002a28   Section        0  sw_timebase.o(.text.sw_timebase_counter_get_reload_value)
    [Anonymous Symbol]                       0x08002a40   Section        0  sw_timebase.o(.text.sw_timebase_counter_get_status)
    [Anonymous Symbol]                       0x08002a60   Section        0  sw_timebase.o(.text.sw_timebase_counter_get_target_value)
    [Anonymous Symbol]                       0x08002a78   Section        0  sw_timebase.o(.text.sw_timebase_counter_get_temporary_value)
    [Anonymous Symbol]                       0x08002a90   Section        0  sw_timebase.o(.text.sw_timebase_counter_set_current_value)
    [Anonymous Symbol]                       0x08002aac   Section        0  sw_timebase.o(.text.sw_timebase_counter_set_end_value)
    [Anonymous Symbol]                       0x08002ac8   Section        0  sw_timebase.o(.text.sw_timebase_counter_set_reload_value)
    [Anonymous Symbol]                       0x08002ae4   Section        0  sw_timebase.o(.text.sw_timebase_counter_set_status)
    [Anonymous Symbol]                       0x08002b18   Section        0  sw_timebase.o(.text.sw_timebase_counter_set_temporary_value)
    [Anonymous Symbol]                       0x08002b34   Section        0  sw_timebase.o(.text.sw_timebase_counter_ss_clear_flag)
    [Anonymous Symbol]                       0x08002b48   Section        0  sw_timebase.o(.text.sw_timebase_counter_ss_continous_expired_event)
    [Anonymous Symbol]                       0x08002b98   Section        0  sw_timebase.o(.text.sw_timebase_counter_ss_get_end_value)
    [Anonymous Symbol]                       0x08002bb4   Section        0  sw_timebase.o(.text.sw_timebase_counter_ss_get_end_value_sub_sec)
    [Anonymous Symbol]                       0x08002bd0   Section        0  sw_timebase.o(.text.sw_timebase_counter_ss_get_reload_value)
    [Anonymous Symbol]                       0x08002bec   Section        0  sw_timebase.o(.text.sw_timebase_counter_ss_get_status)
    [Anonymous Symbol]                       0x08002c0c   Section        0  sw_timebase.o(.text.sw_timebase_counter_ss_get_target_value)
    [Anonymous Symbol]                       0x08002c28   Section        0  sw_timebase.o(.text.sw_timebase_counter_ss_get_temporary_value)
    [Anonymous Symbol]                       0x08002c44   Section        0  sw_timebase.o(.text.sw_timebase_counter_ss_reset)
    [Anonymous Symbol]                       0x08002ca4   Section        0  sw_timebase.o(.text.sw_timebase_counter_ss_reset_period_status_flag)
    [Anonymous Symbol]                       0x08002cc4   Section        0  sw_timebase.o(.text.sw_timebase_counter_ss_set_current_value)
    [Anonymous Symbol]                       0x08002ce4   Section        0  sw_timebase.o(.text.sw_timebase_counter_ss_set_end_value)
    [Anonymous Symbol]                       0x08002d04   Section        0  sw_timebase.o(.text.sw_timebase_counter_ss_set_end_value_sub_sec)
    __arm_cp.74_0                            0x08002d24   Number         4  sw_timebase.o(.text.sw_timebase_counter_ss_set_end_value_sub_sec)
    [Anonymous Symbol]                       0x08002d28   Section        0  sw_timebase.o(.text.sw_timebase_counter_ss_set_period_value)
    __arm_cp.76_0                            0x08002d48   Number         4  sw_timebase.o(.text.sw_timebase_counter_ss_set_period_value)
    [Anonymous Symbol]                       0x08002d4c   Section        0  sw_timebase.o(.text.sw_timebase_counter_ss_set_reload_value)
    __arm_cp.78_0                            0x08002d6c   Number         4  sw_timebase.o(.text.sw_timebase_counter_ss_set_reload_value)
    [Anonymous Symbol]                       0x08002d70   Section        0  sw_timebase.o(.text.sw_timebase_counter_ss_set_securely)
    __arm_cp.87_0                            0x08002e3c   Number         4  sw_timebase.o(.text.sw_timebase_counter_ss_set_securely)
    [Anonymous Symbol]                       0x08002e40   Section        0  sw_timebase.o(.text.sw_timebase_counter_ss_set_status)
    __arm_cp.65_0                            0x08002e74   Number         4  sw_timebase.o(.text.sw_timebase_counter_ss_set_status)
    [Anonymous Symbol]                       0x08002e78   Section        0  sw_timebase.o(.text.sw_timebase_counter_ss_set_target_value)
    __arm_cp.80_0                            0x08002e98   Number         4  sw_timebase.o(.text.sw_timebase_counter_ss_set_target_value)
    [Anonymous Symbol]                       0x08002e9c   Section        0  sw_timebase.o(.text.sw_timebase_counter_ss_set_temporary_value)
    __arm_cp.82_0                            0x08002ebc   Number         4  sw_timebase.o(.text.sw_timebase_counter_ss_set_temporary_value)
    [Anonymous Symbol]                       0x08002ec0   Section        0  sw_timebase.o(.text.sw_timebase_counter_ss_update)
    __arm_cp.89_0                            0x0800304c   Number         4  sw_timebase.o(.text.sw_timebase_counter_ss_update)
    [Anonymous Symbol]                       0x08003050   Section        0  sw_timebase.o(.text.sw_timebase_counter_ss_update_all)
    [Anonymous Symbol]                       0x0800307e   Section        0  sw_timebase.o(.text.sw_timebase_counter_update)
    [Anonymous Symbol]                       0x080031bc   Section        0  sw_timebase.o(.text.sw_timebase_counter_update_all)
    [Anonymous Symbol]                       0x080031ec   Section        0  sw_timebase.o(.text.sw_timebase_enable)
    __arm_cp.1_0                             0x08003250   Number         4  sw_timebase.o(.text.sw_timebase_enable)
    __arm_cp.1_1                             0x08003254   Number         4  sw_timebase.o(.text.sw_timebase_enable)
    __arm_cp.1_2                             0x08003258   Number         4  sw_timebase.o(.text.sw_timebase_enable)
    __arm_cp.1_3                             0x0800325c   Number         4  sw_timebase.o(.text.sw_timebase_enable)
    __arm_cp.1_4                             0x08003260   Number         4  sw_timebase.o(.text.sw_timebase_enable)
    __arm_cp.1_5                             0x08003264   Number         4  sw_timebase.o(.text.sw_timebase_enable)
    [Anonymous Symbol]                       0x08003268   Section        0  sw_timebase.o(.text.sw_timebase_get_seconds)
    [Anonymous Symbol]                       0x08003270   Section        0  sw_timebase.o(.text.sw_timebase_get_sub_seconds)
    __arm_cp.15_0                            0x08003278   Number         4  sw_timebase.o(.text.sw_timebase_get_sub_seconds)
    [Anonymous Symbol]                       0x0800327c   Section        0  sw_timebase.o(.text.sw_timebase_main_loop_executable)
    __arm_cp.102_0                           0x080032b8   Number         4  sw_timebase.o(.text.sw_timebase_main_loop_executable)
    [Anonymous Symbol]                       0x080032bc   Section        0  sw_timebase.o(.text.sw_timebase_struct_init)
    __arm_cp.0_1                             0x080033f8   Number         4  sw_timebase.o(.text.sw_timebase_struct_init)
    [Anonymous Symbol]                       0x080033fc   Section        0  sw_timebase.o(.text.sw_timebase_variable_sync)
    __arm_cp.103_0                           0x0800343c   Number         4  sw_timebase.o(.text.sw_timebase_variable_sync)
    .bss                                     0x20000000   Section       96  libspace.o(.bss)
    Heap_Mem                                 0x20000700   Data         512  startup_stm32g030xx.o(HEAP)
    HEAP                                     0x20000700   Section      512  startup_stm32g030xx.o(HEAP)
    Stack_Mem                                0x20000900   Data        1024  startup_stm32g030xx.o(STACK)
    STACK                                    0x20000900   Section     1024  startup_stm32g030xx.o(STACK)
    __initial_sp                             0x20000d00   Data           0  startup_stm32g030xx.o(STACK)

    Global Symbols

    Symbol Name                              Value     Ov Type        Size  Object(Section)

    BuildAttributes$$THM_ISAv3M$S$PE$A:L22$X:L11$S22$IEEE1$IW$~IW$USESV6$~STKCKD$USESV7$~SHL$OSPACE$ROPI$EBA8$UX$STANDARDLIB$REQ8$PRES8$EABIv2 0x00000000   Number         0  anon$$obj.o ABSOLUTE
    __ARM_exceptions_init                     - Undefined Weak Reference
    __alloca_initialize                       - Undefined Weak Reference
    __arm_preinit_                            - Undefined Weak Reference
    __arm_relocate_pie_                       - Undefined Weak Reference
    __cpp_initialize__aeabi_                  - Undefined Weak Reference
    __cxa_finalize                            - Undefined Weak Reference
    __rt_locale                               - Undefined Weak Reference
    __sigvec_lookup                           - Undefined Weak Reference
    _atexit_init                              - Undefined Weak Reference
    _call_atexit_fns                          - Undefined Weak Reference
    _clock_init                               - Undefined Weak Reference
    _fp_trap_init                             - Undefined Weak Reference
    _fp_trap_shutdown                         - Undefined Weak Reference
    _get_lc_collate                           - Undefined Weak Reference
    _get_lc_ctype                             - Undefined Weak Reference
    _get_lc_monetary                          - Undefined Weak Reference
    _get_lc_numeric                           - Undefined Weak Reference
    _get_lc_time                              - Undefined Weak Reference
    _getenv_init                              - Undefined Weak Reference
    _handle_redirection                       - Undefined Weak Reference
    _init_alloc                               - Undefined Weak Reference
    _init_user_alloc                          - Undefined Weak Reference
    _initio                                   - Undefined Weak Reference
    _rand_init                                - Undefined Weak Reference
    _signal_finish                            - Undefined Weak Reference
    _signal_init                              - Undefined Weak Reference
    _terminate_alloc                          - Undefined Weak Reference
    _terminate_user_alloc                     - Undefined Weak Reference
    _terminateio                              - Undefined Weak Reference
    __Vectors_Size                           0x000000c0   Number         0  startup_stm32g030xx.o ABSOLUTE
    __Vectors                                0x08002000   Data           4  startup_stm32g030xx.o(RESET)
    __Vectors_End                            0x080020c0   Data           0  startup_stm32g030xx.o(RESET)
    __main                                   0x080020c1   Thumb Code     8  __main.o(!!!main)
    __scatterload                            0x080020c9   Thumb Code     0  __scatter.o(!!!scatter)
    __scatterload_rt2                        0x080020c9   Thumb Code    74  __scatter.o(!!!scatter)
    __scatterload_rt2_thumb_only             0x080020c9   Thumb Code     0  __scatter.o(!!!scatter)
    __scatterload_loop                       0x080020d3   Thumb Code     0  __scatter.o(!!!scatter)
    __scatterload_null                       0x0800211d   Thumb Code     2  __scatter.o(!!handler_null)
    __scatterload_zeroinit                   0x08002121   Thumb Code    28  __scatter_zi.o(!!handler_zi)
    __rt_lib_init                            0x0800213d   Thumb Code     0  libinit.o(.ARM.Collect$$libinit$$00000000)
    __rt_lib_init_alloca_1                   0x0800213f   Thumb Code     0  libinit2.o(.ARM.Collect$$libinit$$00000030)
    __rt_lib_init_argv_1                     0x0800213f   Thumb Code     0  libinit2.o(.ARM.Collect$$libinit$$0000002E)
    __rt_lib_init_atexit_1                   0x0800213f   Thumb Code     0  libinit2.o(.ARM.Collect$$libinit$$0000001D)
    __rt_lib_init_clock_1                    0x0800213f   Thumb Code     0  libinit2.o(.ARM.Collect$$libinit$$00000023)
    __rt_lib_init_cpp_1                      0x0800213f   Thumb Code     0  libinit2.o(.ARM.Collect$$libinit$$00000034)
    __rt_lib_init_exceptions_1               0x0800213f   Thumb Code     0  libinit2.o(.ARM.Collect$$libinit$$00000032)
    __rt_lib_init_fp_1                       0x0800213f   Thumb Code     0  libinit2.o(.ARM.Collect$$libinit$$00000002)
    __rt_lib_init_fp_trap_1                  0x0800213f   Thumb Code     0  libinit2.o(.ARM.Collect$$libinit$$00000021)
    __rt_lib_init_getenv_1                   0x0800213f   Thumb Code     0  libinit2.o(.ARM.Collect$$libinit$$00000025)
    __rt_lib_init_heap_1                     0x0800213f   Thumb Code     0  libinit2.o(.ARM.Collect$$libinit$$0000000C)
    __rt_lib_init_lc_collate_1               0x0800213f   Thumb Code     0  libinit2.o(.ARM.Collect$$libinit$$00000013)
    __rt_lib_init_lc_ctype_1                 0x0800213f   Thumb Code     0  libinit2.o(.ARM.Collect$$libinit$$00000015)
    __rt_lib_init_lc_monetary_1              0x0800213f   Thumb Code     0  libinit2.o(.ARM.Collect$$libinit$$00000017)
    __rt_lib_init_lc_numeric_1               0x0800213f   Thumb Code     0  libinit2.o(.ARM.Collect$$libinit$$00000019)
    __rt_lib_init_lc_time_1                  0x0800213f   Thumb Code     0  libinit2.o(.ARM.Collect$$libinit$$0000001B)
    __rt_lib_init_preinit_1                  0x0800213f   Thumb Code     0  libinit2.o(.ARM.Collect$$libinit$$00000006)
    __rt_lib_init_rand_1                     0x0800213f   Thumb Code     0  libinit2.o(.ARM.Collect$$libinit$$00000010)
    __rt_lib_init_relocate_pie_1             0x0800213f   Thumb Code     0  libinit2.o(.ARM.Collect$$libinit$$00000004)
    __rt_lib_init_return                     0x0800213f   Thumb Code     0  libinit2.o(.ARM.Collect$$libinit$$00000035)
    __rt_lib_init_signal_1                   0x0800213f   Thumb Code     0  libinit2.o(.ARM.Collect$$libinit$$0000001F)
    __rt_lib_init_stdio_1                    0x0800213f   Thumb Code     0  libinit2.o(.ARM.Collect$$libinit$$00000027)
    __rt_lib_init_user_alloc_1               0x0800213f   Thumb Code     0  libinit2.o(.ARM.Collect$$libinit$$0000000E)
    __rt_lib_shutdown                        0x08002141   Thumb Code     0  libshutdown.o(.ARM.Collect$$libshutdown$$00000000)
    __rt_lib_shutdown_cpp_1                  0x08002143   Thumb Code     0  libshutdown2.o(.ARM.Collect$$libshutdown$$00000002)
    __rt_lib_shutdown_fp_trap_1              0x08002143   Thumb Code     0  libshutdown2.o(.ARM.Collect$$libshutdown$$00000007)
    __rt_lib_shutdown_heap_1                 0x08002143   Thumb Code     0  libshutdown2.o(.ARM.Collect$$libshutdown$$0000000F)
    __rt_lib_shutdown_return                 0x08002143   Thumb Code     0  libshutdown2.o(.ARM.Collect$$libshutdown$$00000010)
    __rt_lib_shutdown_signal_1               0x08002143   Thumb Code     0  libshutdown2.o(.ARM.Collect$$libshutdown$$0000000A)
    __rt_lib_shutdown_stdio_1                0x08002143   Thumb Code     0  libshutdown2.o(.ARM.Collect$$libshutdown$$00000004)
    __rt_lib_shutdown_user_alloc_1           0x08002143   Thumb Code     0  libshutdown2.o(.ARM.Collect$$libshutdown$$0000000C)
    __rt_entry                               0x08002145   Thumb Code     0  __rtentry.o(.ARM.Collect$$rtentry$$00000000)
    __rt_entry_presh_1                       0x08002145   Thumb Code     0  __rtentry2.o(.ARM.Collect$$rtentry$$00000002)
    __rt_entry_sh                            0x08002145   Thumb Code     0  __rtentry4.o(.ARM.Collect$$rtentry$$00000004)
    __rt_entry_li                            0x0800214b   Thumb Code     0  __rtentry2.o(.ARM.Collect$$rtentry$$0000000A)
    __rt_entry_postsh_1                      0x0800214b   Thumb Code     0  __rtentry2.o(.ARM.Collect$$rtentry$$00000009)
    __rt_entry_main                          0x0800214f   Thumb Code     0  __rtentry2.o(.ARM.Collect$$rtentry$$0000000D)
    __rt_entry_postli_1                      0x0800214f   Thumb Code     0  __rtentry2.o(.ARM.Collect$$rtentry$$0000000C)
    __rt_exit                                0x08002157   Thumb Code     0  rtexit.o(.ARM.Collect$$rtexit$$00000000)
    __rt_exit_ls                             0x08002159   Thumb Code     0  rtexit2.o(.ARM.Collect$$rtexit$$00000003)
    __rt_exit_prels_1                        0x08002159   Thumb Code     0  rtexit2.o(.ARM.Collect$$rtexit$$00000002)
    __rt_exit_exit                           0x0800215d   Thumb Code     0  rtexit2.o(.ARM.Collect$$rtexit$$00000004)
    Reset_Handler                            0x08002165   Thumb Code     8  startup_stm32g030xx.o(.text)
    NMI_Handler                              0x0800216d   Thumb Code     2  startup_stm32g030xx.o(.text)
    HardFault_Handler                        0x0800216f   Thumb Code     2  startup_stm32g030xx.o(.text)
    SVC_Handler                              0x08002171   Thumb Code     2  startup_stm32g030xx.o(.text)
    PendSV_Handler                           0x08002173   Thumb Code     2  startup_stm32g030xx.o(.text)
    SysTick_Handler                          0x08002175   Thumb Code     2  startup_stm32g030xx.o(.text)
    ADC1_IRQHandler                          0x08002177   Thumb Code     0  startup_stm32g030xx.o(.text)
    DMA1_Ch4_5_DMAMUX1_OVR_IRQHandler        0x08002177   Thumb Code     0  startup_stm32g030xx.o(.text)
    DMA1_Channel1_IRQHandler                 0x08002177   Thumb Code     0  startup_stm32g030xx.o(.text)
    DMA1_Channel2_3_IRQHandler               0x08002177   Thumb Code     0  startup_stm32g030xx.o(.text)
    EXTI0_1_IRQHandler                       0x08002177   Thumb Code     0  startup_stm32g030xx.o(.text)
    EXTI2_3_IRQHandler                       0x08002177   Thumb Code     0  startup_stm32g030xx.o(.text)
    EXTI4_15_IRQHandler                      0x08002177   Thumb Code     0  startup_stm32g030xx.o(.text)
    FLASH_IRQHandler                         0x08002177   Thumb Code     0  startup_stm32g030xx.o(.text)
    I2C1_IRQHandler                          0x08002177   Thumb Code     0  startup_stm32g030xx.o(.text)
    I2C2_IRQHandler                          0x08002177   Thumb Code     0  startup_stm32g030xx.o(.text)
    RCC_IRQHandler                           0x08002177   Thumb Code     0  startup_stm32g030xx.o(.text)
    RTC_TAMP_IRQHandler                      0x08002177   Thumb Code     0  startup_stm32g030xx.o(.text)
    SPI1_IRQHandler                          0x08002177   Thumb Code     0  startup_stm32g030xx.o(.text)
    SPI2_IRQHandler                          0x08002177   Thumb Code     0  startup_stm32g030xx.o(.text)
    TIM14_IRQHandler                         0x08002177   Thumb Code     0  startup_stm32g030xx.o(.text)
    TIM1_BRK_UP_TRG_COM_IRQHandler           0x08002177   Thumb Code     0  startup_stm32g030xx.o(.text)
    TIM1_CC_IRQHandler                       0x08002177   Thumb Code     0  startup_stm32g030xx.o(.text)
    TIM3_IRQHandler                          0x08002177   Thumb Code     0  startup_stm32g030xx.o(.text)
    USART1_IRQHandler                        0x08002177   Thumb Code     0  startup_stm32g030xx.o(.text)
    WWDG_IRQHandler                          0x08002177   Thumb Code     0  startup_stm32g030xx.o(.text)
    __user_initial_stackheap                 0x08002179   Thumb Code     0  startup_stm32g030xx.o(.text)
    __aeabi_uidiv                            0x0800219d   Thumb Code     0  aeabi_sdiv.o(.text)
    __aeabi_uidivmod                         0x0800219d   Thumb Code    20  aeabi_sdiv.o(.text)
    __aeabi_idiv                             0x080021b1   Thumb Code     0  aeabi_sdiv.o(.text)
    __aeabi_idivmod                          0x080021b1   Thumb Code   338  aeabi_sdiv.o(.text)
    __use_two_region_memory                  0x08002309   Thumb Code     2  heapauxi.o(.text)
    __rt_heap_escrow$2region                 0x0800230b   Thumb Code     2  heapauxi.o(.text)
    __rt_heap_expand$2region                 0x0800230d   Thumb Code     2  heapauxi.o(.text)
    __user_setup_stackheap                   0x0800230f   Thumb Code    62  sys_stackheap_outer.o(.text)
    exit                                     0x0800234d   Thumb Code    16  exit.o(.text)
    __user_libspace                          0x0800235d   Thumb Code     8  libspace.o(.text)
    __user_perproc_libspace                  0x0800235d   Thumb Code     0  libspace.o(.text)
    __user_perthread_libspace                0x0800235d   Thumb Code     0  libspace.o(.text)
    _sys_exit                                0x08002365   Thumb Code     8  sys_exit.o(.text)
    __I$use$semihosting                      0x08002371   Thumb Code     0  use_no_semi.o(.text)
    __use_no_semihosting_swi                 0x08002371   Thumb Code     2  use_no_semi.o(.text)
    App_Main_Loop                            0x08002373   Thumb Code    36  app.o(.text.App_Main_Loop)
    __semihosting_library_function           0x08002373   Thumb Code     0  indicate_semi.o(.text)
    App_Setup                                0x08002399   Thumb Code    76  app.o(.text.App_Setup)
    Debug_Counter_Reset                      0x080023e5   Thumb Code     8  debug.o(.text.Debug_Counter_Reset)
    Debug_GPIO_Init                          0x080023f1   Thumb Code   140  debug.o(.text.Debug_GPIO_Init)
    Debug_Get_Buf_Index                      0x08002489   Thumb Code     8  debug.o(.text.Debug_Get_Buf_Index)
    Debug_Init                               0x08002491   Thumb Code    28  debug.o(.text.Debug_Init)
    Debug_Reg_Init                           0x080024ad   Thumb Code   104  debug.o(.text.Debug_Reg_Init)
    Debug_Rx_Byte                            0x08002525   Thumb Code    16  debug.o(.text.Debug_Rx_Byte)
    Debug_Struct_Init                        0x08002539   Thumb Code   120  debug.o(.text.Debug_Struct_Init)
    Debug_Timer_Disable                      0x080025b1   Thumb Code    20  debug.o(.text.Debug_Timer_Disable)
    Debug_Timer_Enable                       0x080025c5   Thumb Code    20  debug.o(.text.Debug_Timer_Enable)
    Debug_Timer_Init                         0x080025d9   Thumb Code    96  debug.o(.text.Debug_Timer_Init)
    GPIO_Init                                0x08002655   Thumb Code   222  gpio.o(.text.GPIO_Init)
    GPIO_SetPin                              0x08002733   Thumb Code    22  gpio.o(.text.GPIO_SetPin)
    GPIO_TogglePin                           0x08002749   Thumb Code    26  gpio.o(.text.GPIO_TogglePin)
    SystemInit                               0x08002763   Thumb Code     2  system_stm32g0xx.o(.text.SystemInit)
    TIM16_IRQHandler                         0x08002765   Thumb Code    64  debug.o(.text.TIM16_IRQHandler)
    TIM17_IRQHandler                         0x080027a9   Thumb Code    32  sw_timebase.o(.text.TIM17_IRQHandler)
    USART2_IRQHandler                        0x080027cd   Thumb Code    84  debug.o(.text.USART2_IRQHandler)
    main                                     0x0800297d   Thumb Code    20  main.o(.text.main)
    sw_timebase_ISR_executables              0x08002991   Thumb Code    76  sw_timebase.o(.text.sw_timebase_ISR_executables)
    sw_timebase_Init                         0x080029dd   Thumb Code    20  sw_timebase.o(.text.sw_timebase_Init)
    sw_timebase_atomic_operation_end         0x080029f1   Thumb Code     4  sw_timebase.o(.text.sw_timebase_atomic_operation_end)
    sw_timebase_atomic_operation_start       0x080029f5   Thumb Code     4  sw_timebase.o(.text.sw_timebase_atomic_operation_start)
    sw_timebase_counter_get_current_value    0x080029f9   Thumb Code    24  sw_timebase.o(.text.sw_timebase_counter_get_current_value)
    sw_timebase_counter_get_end_value        0x08002a11   Thumb Code    24  sw_timebase.o(.text.sw_timebase_counter_get_end_value)
    sw_timebase_counter_get_reload_value     0x08002a29   Thumb Code    24  sw_timebase.o(.text.sw_timebase_counter_get_reload_value)
    sw_timebase_counter_get_status           0x08002a41   Thumb Code    32  sw_timebase.o(.text.sw_timebase_counter_get_status)
    sw_timebase_counter_get_target_value     0x08002a61   Thumb Code    24  sw_timebase.o(.text.sw_timebase_counter_get_target_value)
    sw_timebase_counter_get_temporary_value  0x08002a79   Thumb Code    24  sw_timebase.o(.text.sw_timebase_counter_get_temporary_value)
    sw_timebase_counter_set_current_value    0x08002a91   Thumb Code    28  sw_timebase.o(.text.sw_timebase_counter_set_current_value)
    sw_timebase_counter_set_end_value        0x08002aad   Thumb Code    28  sw_timebase.o(.text.sw_timebase_counter_set_end_value)
    sw_timebase_counter_set_reload_value     0x08002ac9   Thumb Code    28  sw_timebase.o(.text.sw_timebase_counter_set_reload_value)
    sw_timebase_counter_set_status           0x08002ae5   Thumb Code    52  sw_timebase.o(.text.sw_timebase_counter_set_status)
    sw_timebase_counter_set_temporary_value  0x08002b19   Thumb Code    28  sw_timebase.o(.text.sw_timebase_counter_set_temporary_value)
    sw_timebase_counter_ss_clear_flag        0x08002b35   Thumb Code    20  sw_timebase.o(.text.sw_timebase_counter_ss_clear_flag)
    sw_timebase_counter_ss_continous_expired_event 0x08002b49   Thumb Code    78  sw_timebase.o(.text.sw_timebase_counter_ss_continous_expired_event)
    sw_timebase_counter_ss_get_end_value     0x08002b99   Thumb Code    28  sw_timebase.o(.text.sw_timebase_counter_ss_get_end_value)
    sw_timebase_counter_ss_get_end_value_sub_sec 0x08002bb5   Thumb Code    28  sw_timebase.o(.text.sw_timebase_counter_ss_get_end_value_sub_sec)
    sw_timebase_counter_ss_get_reload_value  0x08002bd1   Thumb Code    28  sw_timebase.o(.text.sw_timebase_counter_ss_get_reload_value)
    sw_timebase_counter_ss_get_status        0x08002bed   Thumb Code    32  sw_timebase.o(.text.sw_timebase_counter_ss_get_status)
    sw_timebase_counter_ss_get_target_value  0x08002c0d   Thumb Code    28  sw_timebase.o(.text.sw_timebase_counter_ss_get_target_value)
    sw_timebase_counter_ss_get_temporary_value 0x08002c29   Thumb Code    28  sw_timebase.o(.text.sw_timebase_counter_ss_get_temporary_value)
    sw_timebase_counter_ss_reset             0x08002c45   Thumb Code    94  sw_timebase.o(.text.sw_timebase_counter_ss_reset)
    sw_timebase_counter_ss_reset_period_status_flag 0x08002ca5   Thumb Code    32  sw_timebase.o(.text.sw_timebase_counter_ss_reset_period_status_flag)
    sw_timebase_counter_ss_set_current_value 0x08002cc5   Thumb Code    32  sw_timebase.o(.text.sw_timebase_counter_ss_set_current_value)
    sw_timebase_counter_ss_set_end_value     0x08002ce5   Thumb Code    32  sw_timebase.o(.text.sw_timebase_counter_ss_set_end_value)
    sw_timebase_counter_ss_set_end_value_sub_sec 0x08002d05   Thumb Code    32  sw_timebase.o(.text.sw_timebase_counter_ss_set_end_value_sub_sec)
    sw_timebase_counter_ss_set_period_value  0x08002d29   Thumb Code    32  sw_timebase.o(.text.sw_timebase_counter_ss_set_period_value)
    sw_timebase_counter_ss_set_reload_value  0x08002d4d   Thumb Code    32  sw_timebase.o(.text.sw_timebase_counter_ss_set_reload_value)
    sw_timebase_counter_ss_set_securely      0x08002d71   Thumb Code   204  sw_timebase.o(.text.sw_timebase_counter_ss_set_securely)
    sw_timebase_counter_ss_set_status        0x08002e41   Thumb Code    52  sw_timebase.o(.text.sw_timebase_counter_ss_set_status)
    sw_timebase_counter_ss_set_target_value  0x08002e79   Thumb Code    32  sw_timebase.o(.text.sw_timebase_counter_ss_set_target_value)
    sw_timebase_counter_ss_set_temporary_value 0x08002e9d   Thumb Code    32  sw_timebase.o(.text.sw_timebase_counter_ss_set_temporary_value)
    sw_timebase_counter_ss_update            0x08002ec1   Thumb Code   396  sw_timebase.o(.text.sw_timebase_counter_ss_update)
    sw_timebase_counter_ss_update_all        0x08003051   Thumb Code    46  sw_timebase.o(.text.sw_timebase_counter_ss_update_all)
    sw_timebase_counter_update               0x0800307f   Thumb Code   318  sw_timebase.o(.text.sw_timebase_counter_update)
    sw_timebase_counter_update_all           0x080031bd   Thumb Code    46  sw_timebase.o(.text.sw_timebase_counter_update_all)
    sw_timebase_enable                       0x080031ed   Thumb Code   100  sw_timebase.o(.text.sw_timebase_enable)
    sw_timebase_get_seconds                  0x08003269   Thumb Code     8  sw_timebase.o(.text.sw_timebase_get_seconds)
    sw_timebase_get_sub_seconds              0x08003271   Thumb Code     8  sw_timebase.o(.text.sw_timebase_get_sub_seconds)
    sw_timebase_main_loop_executable         0x0800327d   Thumb Code    60  sw_timebase.o(.text.sw_timebase_main_loop_executable)
    sw_timebase_struct_init                  0x080032bd   Thumb Code   316  sw_timebase.o(.text.sw_timebase_struct_init)
    sw_timebase_variable_sync                0x080033fd   Thumb Code    64  sw_timebase.o(.text.sw_timebase_variable_sync)
    Region$$Table$$Base                      0x08003440   Number         0  anon$$obj.o(Region$$Table)
    Region$$Table$$Limit                     0x08003450   Number         0  anon$$obj.o(Region$$Table)
    __libspace_start                         0x20000000   Data          96  libspace.o(.bss)
    Debug                                    0x20000060   Data         141  debug.o(.bss.Debug)
    __temporary_stack_top$libspace           0x20000060   Data           0  libspace.o(.bss)
    sw_timebase                              0x200000f0   Data           4  sw_timebase.o(.bss.sw_timebase)
    sw_timebase_type                         0x200000f8   Data        1544  sw_timebase.o(.bss.sw_timebase_type)



==============================================================================

Memory Map of the image

  Image Entry point : 0x080020c1

  Load Region LR_IROM1 (Base: 0x08002000, Size: 0x00001450, Max: 0x00006000, ABSOLUTE)

    Execution Region ER_IROM1 (Exec base: 0x08002000, Load base: 0x08002000, Size: 0x00001450, Max: 0x00006000, ABSOLUTE)

    Exec Addr    Load Addr    Size         Type   Attr      Idx    E Section Name        Object

    0x08002000   0x08002000   0x000000c0   Data   RO          415    RESET               startup_stm32g030xx.o
    0x080020c0   0x080020c0   0x00000008   Code   RO          446  * !!!main             c_p.l(__main.o)
    0x080020c8   0x080020c8   0x00000054   Code   RO          623    !!!scatter          c_p.l(__scatter.o)
    0x0800211c   0x0800211c   0x00000002   Code   RO          624    !!handler_null      c_p.l(__scatter.o)
    0x0800211e   0x0800211e   0x00000002   PAD
    0x08002120   0x08002120   0x0000001c   Code   RO          627    !!handler_zi        c_p.l(__scatter_zi.o)
    0x0800213c   0x0800213c   0x00000002   Code   RO          484    .ARM.Collect$$libinit$$00000000  c_p.l(libinit.o)
    0x0800213e   0x0800213e   0x00000000   Code   RO          498    .ARM.Collect$$libinit$$00000002  c_p.l(libinit2.o)
    0x0800213e   0x0800213e   0x00000000   Code   RO          500    .ARM.Collect$$libinit$$00000004  c_p.l(libinit2.o)
    0x0800213e   0x0800213e   0x00000000   Code   RO          502    .ARM.Collect$$libinit$$00000006  c_p.l(libinit2.o)
    0x0800213e   0x0800213e   0x00000000   Code   RO          505    .ARM.Collect$$libinit$$0000000C  c_p.l(libinit2.o)
    0x0800213e   0x0800213e   0x00000000   Code   RO          507    .ARM.Collect$$libinit$$0000000E  c_p.l(libinit2.o)
    0x0800213e   0x0800213e   0x00000000   Code   RO          509    .ARM.Collect$$libinit$$00000010  c_p.l(libinit2.o)
    0x0800213e   0x0800213e   0x00000000   Code   RO          512    .ARM.Collect$$libinit$$00000013  c_p.l(libinit2.o)
    0x0800213e   0x0800213e   0x00000000   Code   RO          514    .ARM.Collect$$libinit$$00000015  c_p.l(libinit2.o)
    0x0800213e   0x0800213e   0x00000000   Code   RO          516    .ARM.Collect$$libinit$$00000017  c_p.l(libinit2.o)
    0x0800213e   0x0800213e   0x00000000   Code   RO          518    .ARM.Collect$$libinit$$00000019  c_p.l(libinit2.o)
    0x0800213e   0x0800213e   0x00000000   Code   RO          520    .ARM.Collect$$libinit$$0000001B  c_p.l(libinit2.o)
    0x0800213e   0x0800213e   0x00000000   Code   RO          522    .ARM.Collect$$libinit$$0000001D  c_p.l(libinit2.o)
    0x0800213e   0x0800213e   0x00000000   Code   RO          524    .ARM.Collect$$libinit$$0000001F  c_p.l(libinit2.o)
    0x0800213e   0x0800213e   0x00000000   Code   RO          526    .ARM.Collect$$libinit$$00000021  c_p.l(libinit2.o)
    0x0800213e   0x0800213e   0x00000000   Code   RO          528    .ARM.Collect$$libinit$$00000023  c_p.l(libinit2.o)
    0x0800213e   0x0800213e   0x00000000   Code   RO          530    .ARM.Collect$$libinit$$00000025  c_p.l(libinit2.o)
    0x0800213e   0x0800213e   0x00000000   Code   RO          532    .ARM.Collect$$libinit$$00000027  c_p.l(libinit2.o)
    0x0800213e   0x0800213e   0x00000000   Code   RO          536    .ARM.Collect$$libinit$$0000002E  c_p.l(libinit2.o)
    0x0800213e   0x0800213e   0x00000000   Code   RO          538    .ARM.Collect$$libinit$$00000030  c_p.l(libinit2.o)
    0x0800213e   0x0800213e   0x00000000   Code   RO          540    .ARM.Collect$$libinit$$00000032  c_p.l(libinit2.o)
    0x0800213e   0x0800213e   0x00000000   Code   RO          542    .ARM.Collect$$libinit$$00000034  c_p.l(libinit2.o)
    0x0800213e   0x0800213e   0x00000002   Code   RO          543    .ARM.Collect$$libinit$$00000035  c_p.l(libinit2.o)
    0x08002140   0x08002140   0x00000002   Code   RO          578    .ARM.Collect$$libshutdown$$00000000  c_p.l(libshutdown.o)
    0x08002142   0x08002142   0x00000000   Code   RO          606    .ARM.Collect$$libshutdown$$00000002  c_p.l(libshutdown2.o)
    0x08002142   0x08002142   0x00000000   Code   RO          608    .ARM.Collect$$libshutdown$$00000004  c_p.l(libshutdown2.o)
    0x08002142   0x08002142   0x00000000   Code   RO          611    .ARM.Collect$$libshutdown$$00000007  c_p.l(libshutdown2.o)
    0x08002142   0x08002142   0x00000000   Code   RO          614    .ARM.Collect$$libshutdown$$0000000A  c_p.l(libshutdown2.o)
    0x08002142   0x08002142   0x00000000   Code   RO          616    .ARM.Collect$$libshutdown$$0000000C  c_p.l(libshutdown2.o)
    0x08002142   0x08002142   0x00000000   Code   RO          619    .ARM.Collect$$libshutdown$$0000000F  c_p.l(libshutdown2.o)
    0x08002142   0x08002142   0x00000002   Code   RO          620    .ARM.Collect$$libshutdown$$00000010  c_p.l(libshutdown2.o)
    0x08002144   0x08002144   0x00000000   Code   RO          448    .ARM.Collect$$rtentry$$00000000  c_p.l(__rtentry.o)
    0x08002144   0x08002144   0x00000000   Code   RO          454    .ARM.Collect$$rtentry$$00000002  c_p.l(__rtentry2.o)
    0x08002144   0x08002144   0x00000006   Code   RO          466    .ARM.Collect$$rtentry$$00000004  c_p.l(__rtentry4.o)
    0x0800214a   0x0800214a   0x00000000   Code   RO          456    .ARM.Collect$$rtentry$$00000009  c_p.l(__rtentry2.o)
    0x0800214a   0x0800214a   0x00000004   Code   RO          457    .ARM.Collect$$rtentry$$0000000A  c_p.l(__rtentry2.o)
    0x0800214e   0x0800214e   0x00000000   Code   RO          459    .ARM.Collect$$rtentry$$0000000C  c_p.l(__rtentry2.o)
    0x0800214e   0x0800214e   0x00000008   Code   RO          460    .ARM.Collect$$rtentry$$0000000D  c_p.l(__rtentry2.o)
    0x08002156   0x08002156   0x00000002   Code   RO          489    .ARM.Collect$$rtexit$$00000000  c_p.l(rtexit.o)
    0x08002158   0x08002158   0x00000000   Code   RO          549    .ARM.Collect$$rtexit$$00000002  c_p.l(rtexit2.o)
    0x08002158   0x08002158   0x00000004   Code   RO          550    .ARM.Collect$$rtexit$$00000003  c_p.l(rtexit2.o)
    0x0800215c   0x0800215c   0x00000006   Code   RO          551    .ARM.Collect$$rtexit$$00000004  c_p.l(rtexit2.o)
    0x08002162   0x08002162   0x00000002   PAD
    0x08002164   0x08002164   0x00000038   Code   RO          416    .text               startup_stm32g030xx.o
    0x0800219c   0x0800219c   0x0000016c   Code   RO          440    .text               c_p.l(aeabi_sdiv.o)
    0x08002308   0x08002308   0x00000006   Code   RO          444    .text               c_p.l(heapauxi.o)
    0x0800230e   0x0800230e   0x0000003e   Code   RO          470    .text               c_p.l(sys_stackheap_outer.o)
    0x0800234c   0x0800234c   0x00000010   Code   RO          473    .text               c_p.l(exit.o)
    0x0800235c   0x0800235c   0x00000008   Code   RO          485    .text               c_p.l(libspace.o)
    0x08002364   0x08002364   0x0000000c   Code   RO          544    .text               c_p.l(sys_exit.o)
    0x08002370   0x08002370   0x00000002   Code   RO          567    .text               c_p.l(use_no_semi.o)
    0x08002372   0x08002372   0x00000000   Code   RO          569    .text               c_p.l(indicate_semi.o)
    0x08002372   0x08002372   0x00000024   Code   RO            4    .text.App_Main_Loop  app.o
    0x08002396   0x08002396   0x00000002   PAD
    0x08002398   0x08002398   0x0000004c   Code   RO            2    .text.App_Setup     app.o
    0x080023e4   0x080023e4   0x0000000c   Code   RO           46    .text.Debug_Counter_Reset  debug.o
    0x080023f0   0x080023f0   0x00000098   Code   RO           28    .text.Debug_GPIO_Init  debug.o
    0x08002488   0x08002488   0x00000008   Code   RO           50    .text.Debug_Get_Buf_Index  debug.o
    0x08002490   0x08002490   0x0000001c   Code   RO          136    .text.Debug_Init    debug.o
    0x080024ac   0x080024ac   0x00000078   Code   RO           30    .text.Debug_Reg_Init  debug.o
    0x08002524   0x08002524   0x00000014   Code   RO           54    .text.Debug_Rx_Byte  debug.o
    0x08002538   0x08002538   0x00000078   Code   RO           26    .text.Debug_Struct_Init  debug.o
    0x080025b0   0x080025b0   0x00000014   Code   RO           40    .text.Debug_Timer_Disable  debug.o
    0x080025c4   0x080025c4   0x00000014   Code   RO           38    .text.Debug_Timer_Enable  debug.o
    0x080025d8   0x080025d8   0x0000007c   Code   RO           36    .text.Debug_Timer_Init  debug.o
    0x08002654   0x08002654   0x000000de   Code   RO          171    .text.GPIO_Init     gpio.o
    0x08002732   0x08002732   0x00000016   Code   RO          173    .text.GPIO_SetPin   gpio.o
    0x08002748   0x08002748   0x0000001a   Code   RO          177    .text.GPIO_TogglePin  gpio.o
    0x08002762   0x08002762   0x00000002   Code   RO          423    .text.SystemInit    system_stm32g0xx.o
    0x08002764   0x08002764   0x00000044   Code   RO           48    .text.TIM16_IRQHandler  debug.o
    0x080027a8   0x080027a8   0x00000024   Code   RO          223    .text.TIM17_IRQHandler  sw_timebase.o
    0x080027cc   0x080027cc   0x0000005c   Code   RO           56    .text.USART2_IRQHandler  debug.o
    0x08002828   0x08002828   0x00000028   Code   RO           32    .text.__NVIC_EnableIRQ  debug.o
    0x08002850   0x08002850   0x0000002c   Code   RO          203    .text.__NVIC_EnableIRQ  sw_timebase.o
    0x0800287c   0x0800287c   0x0000007c   Code   RO           34    .text.__NVIC_SetPriority  debug.o
    0x080028f8   0x080028f8   0x00000084   Code   RO          201    .text.__NVIC_SetPriority  sw_timebase.o
    0x0800297c   0x0800297c   0x00000014   Code   RO          188    .text.main          main.o
    0x08002990   0x08002990   0x0000004c   Code   RO          225    .text.sw_timebase_ISR_executables  sw_timebase.o
    0x080029dc   0x080029dc   0x00000014   Code   RO          205    .text.sw_timebase_Init  sw_timebase.o
    0x080029f0   0x080029f0   0x00000004   Code   RO          221    .text.sw_timebase_atomic_operation_end  sw_timebase.o
    0x080029f4   0x080029f4   0x00000004   Code   RO          219    .text.sw_timebase_atomic_operation_start  sw_timebase.o
    0x080029f8   0x080029f8   0x00000018   Code   RO          263    .text.sw_timebase_counter_get_current_value  sw_timebase.o
    0x08002a10   0x08002a10   0x00000018   Code   RO          267    .text.sw_timebase_counter_get_end_value  sw_timebase.o
    0x08002a28   0x08002a28   0x00000018   Code   RO          275    .text.sw_timebase_counter_get_reload_value  sw_timebase.o
    0x08002a40   0x08002a40   0x00000020   Code   RO          253    .text.sw_timebase_counter_get_status  sw_timebase.o
    0x08002a60   0x08002a60   0x00000018   Code   RO          279    .text.sw_timebase_counter_get_target_value  sw_timebase.o
    0x08002a78   0x08002a78   0x00000018   Code   RO          283    .text.sw_timebase_counter_get_temporary_value  sw_timebase.o
    0x08002a90   0x08002a90   0x0000001c   Code   RO          265    .text.sw_timebase_counter_set_current_value  sw_timebase.o
    0x08002aac   0x08002aac   0x0000001c   Code   RO          269    .text.sw_timebase_counter_set_end_value  sw_timebase.o
    0x08002ac8   0x08002ac8   0x0000001c   Code   RO          277    .text.sw_timebase_counter_set_reload_value  sw_timebase.o
    0x08002ae4   0x08002ae4   0x00000034   Code   RO          255    .text.sw_timebase_counter_set_status  sw_timebase.o
    0x08002b18   0x08002b18   0x0000001c   Code   RO          285    .text.sw_timebase_counter_set_temporary_value  sw_timebase.o
    0x08002b34   0x08002b34   0x00000014   Code   RO          365    .text.sw_timebase_counter_ss_clear_flag  sw_timebase.o
    0x08002b48   0x08002b48   0x0000004e   Code   RO          383    .text.sw_timebase_counter_ss_continous_expired_event  sw_timebase.o
    0x08002b96   0x08002b96   0x00000002   PAD
    0x08002b98   0x08002b98   0x0000001c   Code   RO          339    .text.sw_timebase_counter_ss_get_end_value  sw_timebase.o
    0x08002bb4   0x08002bb4   0x0000001c   Code   RO          343    .text.sw_timebase_counter_ss_get_end_value_sub_sec  sw_timebase.o
    0x08002bd0   0x08002bd0   0x0000001c   Code   RO          351    .text.sw_timebase_counter_ss_get_reload_value  sw_timebase.o
    0x08002bec   0x08002bec   0x00000020   Code   RO          325    .text.sw_timebase_counter_ss_get_status  sw_timebase.o
    0x08002c0c   0x08002c0c   0x0000001c   Code   RO          355    .text.sw_timebase_counter_ss_get_target_value  sw_timebase.o
    0x08002c28   0x08002c28   0x0000001c   Code   RO          359    .text.sw_timebase_counter_ss_get_temporary_value  sw_timebase.o
    0x08002c44   0x08002c44   0x0000005e   Code   RO          363    .text.sw_timebase_counter_ss_reset  sw_timebase.o
    0x08002ca2   0x08002ca2   0x00000002   PAD
    0x08002ca4   0x08002ca4   0x00000020   Code   RO          333    .text.sw_timebase_counter_ss_reset_period_status_flag  sw_timebase.o
    0x08002cc4   0x08002cc4   0x00000020   Code   RO          337    .text.sw_timebase_counter_ss_set_current_value  sw_timebase.o
    0x08002ce4   0x08002ce4   0x00000020   Code   RO          341    .text.sw_timebase_counter_ss_set_end_value  sw_timebase.o
    0x08002d04   0x08002d04   0x00000024   Code   RO          345    .text.sw_timebase_counter_ss_set_end_value_sub_sec  sw_timebase.o
    0x08002d28   0x08002d28   0x00000024   Code   RO          349    .text.sw_timebase_counter_ss_set_period_value  sw_timebase.o
    0x08002d4c   0x08002d4c   0x00000024   Code   RO          353    .text.sw_timebase_counter_ss_set_reload_value  sw_timebase.o
    0x08002d70   0x08002d70   0x000000d0   Code   RO          371    .text.sw_timebase_counter_ss_set_securely  sw_timebase.o
    0x08002e40   0x08002e40   0x00000038   Code   RO          327    .text.sw_timebase_counter_ss_set_status  sw_timebase.o
    0x08002e78   0x08002e78   0x00000024   Code   RO          357    .text.sw_timebase_counter_ss_set_target_value  sw_timebase.o
    0x08002e9c   0x08002e9c   0x00000024   Code   RO          361    .text.sw_timebase_counter_ss_set_temporary_value  sw_timebase.o
    0x08002ec0   0x08002ec0   0x00000190   Code   RO          375    .text.sw_timebase_counter_ss_update  sw_timebase.o
    0x08003050   0x08003050   0x0000002e   Code   RO          397    .text.sw_timebase_counter_ss_update_all  sw_timebase.o
    0x0800307e   0x0800307e   0x0000013e   Code   RO          299    .text.sw_timebase_counter_update  sw_timebase.o
    0x080031bc   0x080031bc   0x0000002e   Code   RO          321    .text.sw_timebase_counter_update_all  sw_timebase.o
    0x080031ea   0x080031ea   0x00000002   PAD
    0x080031ec   0x080031ec   0x0000007c   Code   RO          199    .text.sw_timebase_enable  sw_timebase.o
    0x08003268   0x08003268   0x00000008   Code   RO          231    .text.sw_timebase_get_seconds  sw_timebase.o
    0x08003270   0x08003270   0x0000000c   Code   RO          227    .text.sw_timebase_get_sub_seconds  sw_timebase.o
    0x0800327c   0x0800327c   0x00000040   Code   RO          401    .text.sw_timebase_main_loop_executable  sw_timebase.o
    0x080032bc   0x080032bc   0x00000140   Code   RO          197    .text.sw_timebase_struct_init  sw_timebase.o
    0x080033fc   0x080033fc   0x00000044   Code   RO          403    .text.sw_timebase_variable_sync  sw_timebase.o
    0x08003440   0x08003440   0x00000010   Data   RO          622    Region$$Table       anon$$obj.o


    Execution Region RW_IRAM1 (Exec base: 0x20000000, Load base: 0x08003450, Size: 0x00000d00, Max: 0x00002000, ABSOLUTE)

    Exec Addr    Load Addr    Size         Type   Attr      Idx    E Section Name        Object

    0x20000000        -       0x00000060   Zero   RW          486    .bss                c_p.l(libspace.o)
    0x20000060        -       0x0000008d   Zero   RW          138    .bss.Debug          debug.o
    0x200000ed   0x08003450   0x00000003   PAD
    0x200000f0        -       0x00000004   Zero   RW          406    .bss.sw_timebase    sw_timebase.o
    0x200000f4   0x08003450   0x00000004   PAD
    0x200000f8        -       0x00000608   Zero   RW          405    .bss.sw_timebase_type  sw_timebase.o
    0x20000700        -       0x00000200   Zero   RW          414    HEAP                startup_stm32g030xx.o
    0x20000900        -       0x00000400   Zero   RW          413    STACK               startup_stm32g030xx.o


==============================================================================

Image component sizes


      Code (inc. data)   RO Data    RW Data    ZI Data      Debug   Object Name

       112          0          0          0          0       2027   app.o
       948         76          0          0        141      12150   debug.o
       270          0          0          0          0       2381   gpio.o
        20          0          0          0          0        400   main.o
        56         26        192          0       1536        700   startup_stm32g030xx.o
      2942         88          0          0       1548      23710   sw_timebase.o
         2          0          0          0          0       2011   system_stm32g0xx.o

    ----------------------------------------------------------------------
      4358        190        208          0       3232      43379   Object Totals
         0          0         16          0          0          0   (incl. Generated)
         8          0          0          0          7          0   (incl. Padding)

    ----------------------------------------------------------------------

      Code (inc. data)   RO Data    RW Data    ZI Data      Debug   Library Member Name

         8          0          0          0          0         68   __main.o
         0          0          0          0          0          0   __rtentry.o
        12          0          0          0          0          0   __rtentry2.o
         6          0          0          0          0          0   __rtentry4.o
        86         10          0          0          0          0   __scatter.o
        28          0          0          0          0          0   __scatter_zi.o
       364          4          0          0          0         92   aeabi_sdiv.o
        16          0          0          0          0         68   exit.o
         6          0          0          0          0        136   heapauxi.o
         0          0          0          0          0          0   indicate_semi.o
         2          0          0          0          0          0   libinit.o
         2          0          0          0          0          0   libinit2.o
         2          0          0          0          0          0   libshutdown.o
         2          0          0          0          0          0   libshutdown2.o
         8          4          0          0         96         68   libspace.o
         2          0          0          0          0          0   rtexit.o
        10          0          0          0          0          0   rtexit2.o
        12          4          0          0          0         60   sys_exit.o
        62          0          0          0          0         80   sys_stackheap_outer.o
         2          0          0          0          0         68   use_no_semi.o

    ----------------------------------------------------------------------
       634         22          0          0         96        640   Library Totals
         4          0          0          0          0          0   (incl. Padding)

    ----------------------------------------------------------------------

      Code (inc. data)   RO Data    RW Data    ZI Data      Debug   Library Name

       630         22          0          0         96        640   c_p.l

    ----------------------------------------------------------------------
       634         22          0          0         96        640   Library Totals

    ----------------------------------------------------------------------

==============================================================================


      Code (inc. data)   RO Data    RW Data    ZI Data      Debug   

      4992        212        208          0       3328      43775   Grand Totals
      4992        212        208          0       3328      43775   ELF Image Totals
      4992        212        208          0          0          0   ROM Totals

==============================================================================

    Total RO  Size (Code + RO Data)                 5200 (   5.08kB)
    Total RW  Size (RW Data + ZI Data)              3328 (   3.25kB)
    Total ROM Size (Code + RO Data + RW Data)       5200 (   5.08kB)

==============================================================================

